---
source: crates/parser/tests/syntax.rs
input_file: test_files/syntax/module/global_variable.sntn
snapshot_kind: text
---
module "target = "evm-ethereum-cancun"

type @foo = { i8, i16, *i64 };

global private const i256 %ZERO = 0
global public *i256 %PTR = 1
global private [i8; 4] %ARRAY = [0, 1, 2, 3]
global private @foo %FOO = {1, 2, 3}
global private [@foo; 2] %FOO_ARRAY = [{1, 2, 3}, {3, 4, 5}]
"
  target_triple "evm-ethereum-cancun"
  struct_declaration "type @foo = { i8, i16, *i64 };"
    struct_identifier "@foo"
      struct_name "foo"
    normal_field_list "{ i8, i16, *i64 }"
      type_name "i8"
        primitive_type "i8"
      type_name "i16"
        primitive_type "i16"
      type_name "*i64"
        ptr_type "*i64"
          type_name "i64"
            primitive_type "i64"
  gv_declaration "global private const i256 %ZERO = 0"
    linkage "private"
    gv_const "const"
    type_name "i256"
      primitive_type "i256"
    gv_identifier "%ZERO"
      gv_name "ZERO"
    gv_initializer "0"
      gv_value_imm "0"
        decimal "0"
  gv_declaration "global public *i256 %PTR = 1"
    linkage "public"
    type_name "*i256"
      ptr_type "*i256"
        type_name "i256"
          primitive_type "i256"
    gv_identifier "%PTR"
      gv_name "PTR"
    gv_initializer "1"
      gv_value_imm "1"
        decimal "1"
  gv_declaration "global private [i8; 4] %ARRAY = [0, 1, 2, 3]"
    linkage "private"
    type_name "[i8; 4]"
      array_type "[i8; 4]"
        type_name "i8"
          primitive_type "i8"
        array_size "4"
    gv_identifier "%ARRAY"
      gv_name "ARRAY"
    gv_initializer "[0, 1, 2, 3]"
      gv_value_array "[0, 1, 2, 3]"
        gv_initializer "0"
          gv_value_imm "0"
            decimal "0"
        gv_initializer "1"
          gv_value_imm "1"
            decimal "1"
        gv_initializer "2"
          gv_value_imm "2"
            decimal "2"
        gv_initializer "3"
          gv_value_imm "3"
            decimal "3"
  gv_declaration "global private @foo %FOO = {1, 2, 3}"
    linkage "private"
    type_name "@foo"
      struct_identifier "@foo"
        struct_name "foo"
    gv_identifier "%FOO"
      gv_name "FOO"
    gv_initializer "{1, 2, 3}"
      gv_value_struct "{1, 2, 3}"
        gv_initializer "1"
          gv_value_imm "1"
            decimal "1"
        gv_initializer "2"
          gv_value_imm "2"
            decimal "2"
        gv_initializer "3"
          gv_value_imm "3"
            decimal "3"
  gv_declaration "global private [@foo; 2] %FOO_ARRAY = [{1, 2, 3}, {3, 4, 5}]"
    linkage "private"
    type_name "[@foo; 2]"
      array_type "[@foo; 2]"
        type_name "@foo"
          struct_identifier "@foo"
            struct_name "foo"
        array_size "2"
    gv_identifier "%FOO_ARRAY"
      gv_name "FOO_ARRAY"
    gv_initializer "[{1, 2, 3}, {3, 4, 5}]"
      gv_value_array "[{1, 2, 3}, {3, 4, 5}]"
        gv_initializer "{1, 2, 3}"
          gv_value_struct "{1, 2, 3}"
            gv_initializer "1"
              gv_value_imm "1"
                decimal "1"
            gv_initializer "2"
              gv_value_imm "2"
                decimal "2"
            gv_initializer "3"
              gv_value_imm "3"
                decimal "3"
        gv_initializer "{3, 4, 5}"
          gv_value_struct "{3, 4, 5}"
            gv_initializer "3"
              gv_value_imm "3"
                decimal "3"
            gv_initializer "4"
              gv_value_imm "4"
                decimal "4"
            gv_initializer "5"
              gv_value_imm "5"
                decimal "5"
  EOI ""
