---
source: crates/parser/tests/syntax.rs
expression: "format!(\"{:#?}\", module)"
input_file: crates/parser/test_files/syntax/module/simple.sntn
---
Module {
    target: Some(
        TargetTriple {
            architecture: Evm,
            vendor: Ethereum,
            operating_system: Evm(
                London,
            ),
        },
    ),
    declared_functions: [
        FuncDeclaration {
            linkage: External,
            name: FunctionName {
                name: "add_i8",
                span: Span(
                    92,
                    99,
                ),
            },
            params: [
                Type {
                    kind: Int(
                        I8,
                    ),
                    ..
                },
                Type {
                    kind: Int(
                        I8,
                    ),
                    ..
                },
            ],
            ret_type: Some(
                Type {
                    kind: Int(
                        I8,
                    ),
                    ..
                },
            ),
        },
    ],
    struct_types: [
        Struct {
            name: StructName(
                "foo",
            ),
            fields: [
                Type {
                    kind: Int(
                        I8,
                    ),
                    ..
                },
                Type {
                    kind: Int(
                        I16,
                    ),
                    ..
                },
                Type {
                    kind: Ptr(
                        Type {
                            kind: Int(
                                I64,
                            ),
                            ..
                        },
                    ),
                    ..
                },
            ],
            packed: false,
        },
        Struct {
            name: StructName(
                "bar",
            ),
            fields: [
                Type {
                    kind: Int(
                        I8,
                    ),
                    ..
                },
                Type {
                    kind: Array(
                        Type {
                            kind: Int(
                                I8,
                            ),
                            ..
                        },
                        31,
                    ),
                    ..
                },
            ],
            packed: true,
        },
    ],
    functions: [
        Func {
            signature: FuncSignature {
                linkage: Public,
                name: FunctionName {
                    name: "main",
                    span: Span(
                        192,
                        197,
                    ),
                },
                params: [],
                ret_type: None,
            },
            blocks: [
                Block {
                    id: BlockId {
                        id: Some(
                            0,
                        ),
                        ..
                    },
                    stmts: [
                        Stmt {
                            kind: Assign(
                                ValueDeclaration(
                                    ValueName {
                                        string: "v0",
                                        ..
                                    },
                                    Type {
                                        kind: Int(
                                            I8,
                                        ),
                                        ..
                                    },
                                ),
                                Inst {
                                    name: InstName {
                                        name: "call",
                                        ..
                                    },
                                    args: [
                                        InstArg {
                                            kind: FuncRef(
                                                FunctionName {
                                                    name: "foo",
                                                    span: Span(
                                                        235,
                                                        239,
                                                    ),
                                                },
                                            ),
                                            ..
                                        },
                                        InstArg {
                                            kind: Value(
                                                Value {
                                                    kind: Immediate(
                                                        I8(
                                                            100,
                                                        ),
                                                    ),
                                                    ..
                                                },
                                            ),
                                            ..
                                        },
                                    ],
                                    span: Span(
                                        230,
                                        246,
                                    ),
                                },
                            ),
                            span: Span(
                                222,
                                246,
                            ),
                        },
                        Stmt {
                            kind: Inst(
                                Inst {
                                    name: InstName {
                                        name: "return",
                                        ..
                                    },
                                    args: [],
                                    span: Span(
                                        256,
                                        262,
                                    ),
                                },
                            ),
                            span: Span(
                                256,
                                262,
                            ),
                        },
                    ],
                },
            ],
            comments: [],
        },
        Func {
            signature: FuncSignature {
                linkage: Private,
                name: FunctionName {
                    name: "foo",
                    span: Span(
                        302,
                        306,
                    ),
                },
                params: [
                    ValueDeclaration(
                        ValueName {
                            string: "v0",
                            ..
                        },
                        Type {
                            kind: Int(
                                I8,
                            ),
                            ..
                        },
                    ),
                ],
                ret_type: Some(
                    Type {
                        kind: Int(
                            I8,
                        ),
                        ..
                    },
                ),
            },
            blocks: [
                Block {
                    id: BlockId {
                        id: Some(
                            0,
                        ),
                        ..
                    },
                    stmts: [
                        Stmt {
                            kind: Assign(
                                ValueDeclaration(
                                    ValueName {
                                        string: "v1",
                                        ..
                                    },
                                    Type {
                                        kind: Int(
                                            I8,
                                        ),
                                        ..
                                    },
                                ),
                                Inst {
                                    name: InstName {
                                        name: "mul",
                                        ..
                                    },
                                    args: [
                                        InstArg {
                                            kind: Value(
                                                Value {
                                                    kind: Named(
                                                        ValueName {
                                                            string: "v0",
                                                            ..
                                                        },
                                                    ),
                                                    ..
                                                },
                                            ),
                                            ..
                                        },
                                        InstArg {
                                            kind: Value(
                                                Value {
                                                    kind: Immediate(
                                                        I8(
                                                            2,
                                                        ),
                                                    ),
                                                    ..
                                                },
                                            ),
                                            ..
                                        },
                                    ],
                                    span: Span(
                                        338,
                                        349,
                                    ),
                                },
                            ),
                            span: Span(
                                330,
                                349,
                            ),
                        },
                        Stmt {
                            kind: Assign(
                                ValueDeclaration(
                                    ValueName {
                                        string: "v2",
                                        ..
                                    },
                                    Type {
                                        kind: Int(
                                            I8,
                                        ),
                                        ..
                                    },
                                ),
                                Inst {
                                    name: InstName {
                                        name: "call",
                                        ..
                                    },
                                    args: [
                                        InstArg {
                                            kind: FuncRef(
                                                FunctionName {
                                                    name: "add_i8",
                                                    span: Span(
                                                        364,
                                                        371,
                                                    ),
                                                },
                                            ),
                                            ..
                                        },
                                        InstArg {
                                            kind: Value(
                                                Value {
                                                    kind: Named(
                                                        ValueName {
                                                            string: "v0",
                                                            ..
                                                        },
                                                    ),
                                                    ..
                                                },
                                            ),
                                            ..
                                        },
                                        InstArg {
                                            kind: Value(
                                                Value {
                                                    kind: Named(
                                                        ValueName {
                                                            string: "v1",
                                                            ..
                                                        },
                                                    ),
                                                    ..
                                                },
                                            ),
                                            ..
                                        },
                                    ],
                                    span: Span(
                                        359,
                                        377,
                                    ),
                                },
                            ),
                            span: Span(
                                351,
                                377,
                            ),
                        },
                        Stmt {
                            kind: Inst(
                                Inst {
                                    name: InstName {
                                        name: "return",
                                        ..
                                    },
                                    args: [
                                        InstArg {
                                            kind: Value(
                                                Value {
                                                    kind: Named(
                                                        ValueName {
                                                            string: "v2",
                                                            ..
                                                        },
                                                    ),
                                                    ..
                                                },
                                            ),
                                            ..
                                        },
                                    ],
                                    span: Span(
                                        379,
                                        388,
                                    ),
                                },
                            ),
                            span: Span(
                                379,
                                388,
                            ),
                        },
                    ],
                },
            ],
            comments: [
                "# multiplies arg by 2",
            ],
        },
        Func {
            signature: FuncSignature {
                linkage: Private,
                name: FunctionName {
                    name: "types",
                    span: Span(
                        398,
                        404,
                    ),
                },
                params: [
                    ValueDeclaration(
                        ValueName {
                            string: "v0",
                            ..
                        },
                        Type {
                            kind: Ptr(
                                Type {
                                    kind: Int(
                                        I8,
                                    ),
                                    ..
                                },
                            ),
                            ..
                        },
                    ),
                    ValueDeclaration(
                        ValueName {
                            string: "v1",
                            ..
                        },
                        Type {
                            kind: Array(
                                Type {
                                    kind: Int(
                                        I8,
                                    ),
                                    ..
                                },
                                2,
                            ),
                            ..
                        },
                    ),
                    ValueDeclaration(
                        ValueName {
                            string: "v2",
                            ..
                        },
                        Type {
                            kind: Array(
                                Type {
                                    kind: Ptr(
                                        Type {
                                            kind: Int(
                                                I8,
                                            ),
                                            ..
                                        },
                                    ),
                                    ..
                                },
                                2,
                            ),
                            ..
                        },
                    ),
                    ValueDeclaration(
                        ValueName {
                            string: "v3",
                            ..
                        },
                        Type {
                            kind: Array(
                                Type {
                                    kind: Array(
                                        Type {
                                            kind: Int(
                                                I8,
                                            ),
                                            ..
                                        },
                                        2,
                                    ),
                                    ..
                                },
                                2,
                            ),
                            ..
                        },
                    ),
                    ValueDeclaration(
                        ValueName {
                            string: "v4",
                            ..
                        },
                        Type {
                            kind: Struct(
                                "foo",
                            ),
                            ..
                        },
                    ),
                    ValueDeclaration(
                        ValueName {
                            string: "v5",
                            ..
                        },
                        Type {
                            kind: Ptr(
                                Type {
                                    kind: Struct(
                                        "foo",
                                    ),
                                    ..
                                },
                            ),
                            ..
                        },
                    ),
                ],
                ret_type: None,
            },
            blocks: [
                Block {
                    id: BlockId {
                        id: Some(
                            0,
                        ),
                        ..
                    },
                    stmts: [
                        Stmt {
                            kind: Inst(
                                Inst {
                                    name: InstName {
                                        name: "return",
                                        ..
                                    },
                                    args: [],
                                    span: Span(
                                        496,
                                        502,
                                    ),
                                },
                            ),
                            span: Span(
                                496,
                                502,
                            ),
                        },
                    ],
                },
            ],
            comments: [],
        },
        Func {
            signature: FuncSignature {
                linkage: Private,
                name: FunctionName {
                    name: "table",
                    span: Span(
                        512,
                        518,
                    ),
                },
                params: [
                    ValueDeclaration(
                        ValueName {
                            string: "v0",
                            ..
                        },
                        Type {
                            kind: Int(
                                I8,
                            ),
                            ..
                        },
                    ),
                ],
                ret_type: None,
            },
            blocks: [
                Block {
                    id: BlockId {
                        id: Some(
                            0,
                        ),
                        ..
                    },
                    stmts: [
                        Stmt {
                            kind: Inst(
                                Inst {
                                    name: InstName {
                                        name: "br_table",
                                        ..
                                    },
                                    args: [
                                        InstArg {
                                            kind: Value(
                                                Value {
                                                    kind: Named(
                                                        ValueName {
                                                            string: "v0",
                                                            ..
                                                        },
                                                    ),
                                                    ..
                                                },
                                            ),
                                            ..
                                        },
                                        InstArg {
                                            kind: Block(
                                                BlockId {
                                                    id: Some(
                                                        0,
                                                    ),
                                                    ..
                                                },
                                            ),
                                            ..
                                        },
                                        InstArg {
                                            kind: ValueBlockMap(
                                                (
                                                    Value {
                                                        kind: Immediate(
                                                            I8(
                                                                1,
                                                            ),
                                                        ),
                                                        ..
                                                    },
                                                    BlockId {
                                                        id: Some(
                                                            1,
                                                        ),
                                                        ..
                                                    },
                                                ),
                                            ),
                                            ..
                                        },
                                        InstArg {
                                            kind: ValueBlockMap(
                                                (
                                                    Value {
                                                        kind: Immediate(
                                                            I8(
                                                                2,
                                                            ),
                                                        ),
                                                        ..
                                                    },
                                                    BlockId {
                                                        id: Some(
                                                            2,
                                                        ),
                                                        ..
                                                    },
                                                ),
                                            ),
                                            ..
                                        },
                                    ],
                                    span: Span(
                                        548,
                                        594,
                                    ),
                                },
                            ),
                            span: Span(
                                548,
                                594,
                            ),
                        },
                    ],
                },
                Block {
                    id: BlockId {
                        id: Some(
                            1,
                        ),
                        ..
                    },
                    stmts: [
                        Stmt {
                            kind: Inst(
                                Inst {
                                    name: InstName {
                                        name: "return",
                                        ..
                                    },
                                    args: [
                                        InstArg {
                                            kind: Value(
                                                Value {
                                                    kind: Immediate(
                                                        I8(
                                                            1,
                                                        ),
                                                    ),
                                                    ..
                                                },
                                            ),
                                            ..
                                        },
                                    ],
                                    span: Span(
                                        616,
                                        627,
                                    ),
                                },
                            ),
                            span: Span(
                                616,
                                627,
                            ),
                        },
                    ],
                },
                Block {
                    id: BlockId {
                        id: Some(
                            2,
                        ),
                        ..
                    },
                    stmts: [
                        Stmt {
                            kind: Inst(
                                Inst {
                                    name: InstName {
                                        name: "return",
                                        ..
                                    },
                                    args: [
                                        InstArg {
                                            kind: Value(
                                                Value {
                                                    kind: Immediate(
                                                        I8(
                                                            2,
                                                        ),
                                                    ),
                                                    ..
                                                },
                                            ),
                                            ..
                                        },
                                    ],
                                    span: Span(
                                        649,
                                        660,
                                    ),
                                },
                            ),
                            span: Span(
                                649,
                                660,
                            ),
                        },
                    ],
                },
            ],
            comments: [],
        },
        Func {
            signature: FuncSignature {
                linkage: Private,
                name: FunctionName {
                    name: "flow",
                    span: Span(
                        670,
                        675,
                    ),
                },
                params: [
                    ValueDeclaration(
                        ValueName {
                            string: "v0",
                            ..
                        },
                        Type {
                            kind: Int(
                                I64,
                            ),
                            ..
                        },
                    ),
                ],
                ret_type: Some(
                    Type {
                        kind: Int(
                            I64,
                        ),
                        ..
                    },
                ),
            },
            blocks: [
                Block {
                    id: BlockId {
                        id: Some(
                            0,
                        ),
                        ..
                    },
                    stmts: [
                        Stmt {
                            kind: Inst(
                                Inst {
                                    name: InstName {
                                        name: "jump",
                                        ..
                                    },
                                    args: [
                                        InstArg {
                                            kind: Block(
                                                BlockId {
                                                    id: Some(
                                                        1,
                                                    ),
                                                    ..
                                                },
                                            ),
                                            ..
                                        },
                                    ],
                                    span: Span(
                                        713,
                                        724,
                                    ),
                                },
                            ),
                            span: Span(
                                713,
                                724,
                            ),
                        },
                    ],
                },
                Block {
                    id: BlockId {
                        id: Some(
                            1,
                        ),
                        ..
                    },
                    stmts: [
                        Stmt {
                            kind: Assign(
                                ValueDeclaration(
                                    ValueName {
                                        string: "v1",
                                        ..
                                    },
                                    Type {
                                        kind: Int(
                                            I64,
                                        ),
                                        ..
                                    },
                                ),
                                Inst {
                                    name: InstName {
                                        name: "phi",
                                        ..
                                    },
                                    args: [
                                        InstArg {
                                            kind: ValueBlockMap(
                                                (
                                                    Value {
                                                        kind: Named(
                                                            ValueName {
                                                                string: "v0",
                                                                ..
                                                            },
                                                        ),
                                                        ..
                                                    },
                                                    BlockId {
                                                        id: Some(
                                                            0,
                                                        ),
                                                        ..
                                                    },
                                                ),
                                            ),
                                            ..
                                        },
                                        InstArg {
                                            kind: ValueBlockMap(
                                                (
                                                    Value {
                                                        kind: Immediate(
                                                            I64(
                                                                100,
                                                            ),
                                                        ),
                                                        ..
                                                    },
                                                    BlockId {
                                                        id: Some(
                                                            2,
                                                        ),
                                                        ..
                                                    },
                                                ),
                                            ),
                                            ..
                                        },
                                    ],
                                    span: Span(
                                        755,
                                        787,
                                    ),
                                },
                            ),
                            span: Span(
                                746,
                                787,
                            ),
                        },
                        Stmt {
                            kind: Assign(
                                ValueDeclaration(
                                    ValueName {
                                        string: "v2",
                                        ..
                                    },
                                    Type {
                                        kind: Int(
                                            I1,
                                        ),
                                        ..
                                    },
                                ),
                                Inst {
                                    name: InstName {
                                        name: "gt",
                                        ..
                                    },
                                    args: [
                                        InstArg {
                                            kind: Value(
                                                Value {
                                                    kind: Named(
                                                        ValueName {
                                                            string: "v1",
                                                            ..
                                                        },
                                                    ),
                                                    ..
                                                },
                                            ),
                                            ..
                                        },
                                        InstArg {
                                            kind: Value(
                                                Value {
                                                    kind: Immediate(
                                                        I64(
                                                            10,
                                                        ),
                                                    ),
                                                    ..
                                                },
                                            ),
                                            ..
                                        },
                                    ],
                                    span: Span(
                                        805,
                                        817,
                                    ),
                                },
                            ),
                            span: Span(
                                797,
                                817,
                            ),
                        },
                        Stmt {
                            kind: Inst(
                                Inst {
                                    name: InstName {
                                        name: "br",
                                        ..
                                    },
                                    args: [
                                        InstArg {
                                            kind: Value(
                                                Value {
                                                    kind: Named(
                                                        ValueName {
                                                            string: "v2",
                                                            ..
                                                        },
                                                    ),
                                                    ..
                                                },
                                            ),
                                            ..
                                        },
                                        InstArg {
                                            kind: Block(
                                                BlockId {
                                                    id: Some(
                                                        2,
                                                    ),
                                                    ..
                                                },
                                            ),
                                            ..
                                        },
                                        InstArg {
                                            kind: Block(
                                                BlockId {
                                                    id: Some(
                                                        3,
                                                    ),
                                                    ..
                                                },
                                            ),
                                            ..
                                        },
                                    ],
                                    span: Span(
                                        827,
                                        846,
                                    ),
                                },
                            ),
                            span: Span(
                                827,
                                846,
                            ),
                        },
                    ],
                },
                Block {
                    id: BlockId {
                        id: Some(
                            2,
                        ),
                        ..
                    },
                    stmts: [
                        Stmt {
                            kind: Inst(
                                Inst {
                                    name: InstName {
                                        name: "jump",
                                        ..
                                    },
                                    args: [
                                        InstArg {
                                            kind: Block(
                                                BlockId {
                                                    id: Some(
                                                        1,
                                                    ),
                                                    ..
                                                },
                                            ),
                                            ..
                                        },
                                    ],
                                    span: Span(
                                        868,
                                        879,
                                    ),
                                },
                            ),
                            span: Span(
                                868,
                                879,
                            ),
                        },
                    ],
                },
                Block {
                    id: BlockId {
                        id: Some(
                            3,
                        ),
                        ..
                    },
                    stmts: [
                        Stmt {
                            kind: Inst(
                                Inst {
                                    name: InstName {
                                        name: "return",
                                        ..
                                    },
                                    args: [
                                        InstArg {
                                            kind: Value(
                                                Value {
                                                    kind: Named(
                                                        ValueName {
                                                            string: "v1",
                                                            ..
                                                        },
                                                    ),
                                                    ..
                                                },
                                            ),
                                            ..
                                        },
                                    ],
                                    span: Span(
                                        901,
                                        910,
                                    ),
                                },
                            ),
                            span: Span(
                                901,
                                910,
                            ),
                        },
                    ],
                },
            ],
            comments: [],
        },
    ],
    comments: [
        "#! this is a module",
        "#! with two functions",
    ],
}
