---
source: crates/codegen/tests/evm.rs
expression: "String::from_utf8(out).unwrap()"
input_file: test_files/evm/arena_alloc_spills.sntn
---
evm.config: stack_reach=16 vcode=false bytecode_hex=false stackify_trace=false evm_trace=false emit_observability=false

object: Contract
  section runtime: 298 bytes
  total: 298 bytes

functions:
  entry: ir_blocks=1 ir_insts=7 vcode_ops=27 fixups=2 imm_bytes=10
    mem: scratch_words=0 stable_words=0 stable_mode=None entry_abs_words=5 abs_words_end=0
  caller: ir_blocks=1 ir_insts=40 vcode_ops=157 fixups=2 imm_bytes=34
    mem: scratch_words=5 stable_words=2 stable_mode=StaticAbs(base=0x140) entry_abs_words=5 abs_words_end=7
  mid: ir_blocks=1 ir_insts=6 vcode_ops=31 fixups=2 imm_bytes=1
    mem: scratch_words=0 stable_words=1 stable_mode=StaticAbs(base=0x180) entry_abs_words=7 abs_words_end=8
  callee: ir_blocks=1 ir_insts=17 vcode_ops=38 fixups=0 imm_bytes=8
    mem: scratch_words=1 stable_words=0 stable_mode=None entry_abs_words=8 abs_words_end=1

evm:
  case ok: calldata_len=8 success reason=Return gas_used=21799 gas_refunded=0 logs=0 output=call len=32 tx_gas=21056 runtime_gas=743
