---
source: crates/codegen/tests/evm.rs
expression: opt_ir_snapshot
input_file: test_files/evm/array_iter_reverse.sntn
---
target = "evm-ethereum-osaka"

type @__fe_Take_0 = {i256, i256};
type @__fe_Take_1 = {i256, i256};

func private %test_view_param_local_ref_take_reverse() {
    block0:
        v2.*i8 = evm_malloc 256.i256;
        v3.i256 = ptr_to_int v2 i256;
        v5.*[i256; 8] = bitcast v2 *[i256; 8];
        v6.*i256 = bitcast v5 *i256;
        mstore v6 1.i256 i256;
        v9.*i256 = gep v5 0.i256 1.i256;
        mstore v9 2.i256 i256;
        v12.*i256 = gep v5 0.i256 2.i256;
        mstore v12 3.i256 i256;
        v15.*i256 = gep v5 0.i256 3.i256;
        mstore v15 4.i256 i256;
        v18.*i256 = gep v5 0.i256 4.i256;
        mstore v18 5.i256 i256;
        v21.*i256 = gep v5 0.i256 5.i256;
        mstore v21 6.i256 i256;
        v24.*i256 = gep v5 0.i256 6.i256;
        mstore v24 7.i256 i256;
        v27.*i256 = gep v5 0.i256 7.i256;
        mstore v27 8.i256 i256;
        v37.*i8 = evm_malloc 64.i256;
        v39.*@__fe_Take_0 = bitcast v37 *@__fe_Take_0;
        v40.*i256 = bitcast v39 *i256;
        mstore v40 4.i256 i256;
        v42.*i256 = gep v39 0.i256 1.i256;
        mstore v42 v3 i256;
        v72.*[i256; 8] = int_to_ptr v3 *[i256; 8];
        jump block9;

    block9:
        v58.i256 = phi (0.i256 block0) (v75 block10);
        v60.i256 = phi (0.i256 block0) (v76 block10);
        v61.i1 = lt v60 4.i256;
        v62.i256 = zext v61 i256;
        v118.i1 = is_zero v62;
        br v118 block1 block10;

    block10:
        v71.i256 = sub 7.i256 v60;
        v73.*i256 = gep v72 0.i256 v71;
        v74.i256 = mload v73 i256;
        v75.i256 = add v58 v74;
        v76.i256 = add v60 1.i256;
        jump block9;

    block1:
        v30.i1 = eq v58 26.i256;
        v31.i256 = zext v30 i256;
        v77.i1 = is_zero v31;
        v78.i256 = zext v77 i256;
        v119.i1 = is_zero v78;
        br v119 block18 block15;

    block15:
        evm_revert 0.i256 0.i256;

    block18:
        v80.*i8 = evm_malloc 64.i256;
        v82.*@__fe_Take_1 = bitcast v80 *@__fe_Take_1;
        v83.*i256 = bitcast v82 *i256;
        mstore v83 4.i256 i256;
        v85.*i256 = gep v82 0.i256 1.i256;
        mstore v85 v3 i256;
        jump block25;

    block25:
        v101.i256 = phi (0.i256 block18) (v113 block26);
        v103.i256 = phi (0.i256 block18) (v114 block26);
        v104.i1 = lt v103 4.i256;
        v105.i256 = zext v104 i256;
        v120.i1 = is_zero v105;
        br v120 block17 block26;

    block26:
        v111.*i256 = gep v72 0.i256 v103;
        v112.i256 = mload v111 i256;
        v113.i256 = add v101 v112;
        v114.i256 = add v103 1.i256;
        jump block25;

    block17:
        v34.i1 = eq v101 10.i256;
        v35.i256 = zext v34 i256;
        v115.i1 = is_zero v35;
        v116.i256 = zext v115 i256;
        v121.i1 = is_zero v116;
        br v121 block29 block31;

    block31:
        evm_revert 0.i256 0.i256;

    block29:
        evm_return 0.i256 0.i256;
}

func public %assert(v0.i256) {
    block0:
        v2.i1 = is_zero v0;
        v3.i256 = zext v2 i256;
        v5.i1 = is_zero v3;
        br v5 block2 block1;

    block1:
        evm_revert 0.i256 0.i256;

    block2:
        return;
}


object @Contract {
    section runtime {
        entry %test_view_param_local_ref_take_reverse;
    }
}
