---
source: crates/codegen/tests/evm.rs
expression: opt_ir_snapshot
input_file: test_files/evm/coin.sntn
---
target = "evm-ethereum-osaka"

type @__fe_Credit_0 = {i256, i256};
type @__fe_Transfer_1 = {i256, i256};
type @__fe_MemoryBytes_2 = {i256, i256};
type @__fe_SolEncoder_3 = {i256, i256, i256};
type @__fe_tuple_4 = {i256, i256};
type @__fe_Cursor_5 = {@__fe_MemoryBytes_2, i256};
type @__fe_SolDecoder_6 = {@__fe_Cursor_5, i256};
type @__fe_CallData_7 = {i256};
type @__fe_Cursor_8 = {@__fe_CallData_7, i256};
type @__fe_SolDecoder_9 = {@__fe_Cursor_8, i256};

func private %__Contract_runtime_entry() {
    block0:
        v94.i256 = sym_size &__Coin_init;
        v95.i256 = sym_addr &__Coin_init;
        v4.*i8 = evm_malloc v94;
        v5.i256 = ptr_to_int v4 i256;
        evm_code_copy v5 v95 v94;
        v96.i256 = evm_create2 0.i256 v5 v94 0.i256;
        v16.i1 = is_zero v96;
        br v16 block4 block6;

    block4:
        v19.i256 = evm_return_data_size;
        v20.*i8 = evm_malloc v19;
        v21.i256 = ptr_to_int v20 i256;
        evm_return_data_copy v21 0.i256 v19;
        evm_revert v21 v19;

    block6:
        call %assert 1.i256;
        v26.*i8 = evm_malloc 64.i256;
        v27.i256 = ptr_to_int v26 i256;
        v102.*@__fe_Credit_0 = bitcast v26 *@__fe_Credit_0;
        v29.*i256 = bitcast v102 *i256;
        mstore v29 0.i256 i256;
        v31.*i256 = gep v102 0.i256 1.i256;
        mstore v31 10.i256 i256;
        v34.i256 = call %evm_hef0af3106e109414_call_h2e84dd1b94aea876_call_stor__Credit_h1b40c7da4bcceeac__9489dcd0a297a0c 0.i256 v96 100000.i256 0.i256 v27;
        v104.i1 = eq 10.i256 v34;
        v36.i256 = zext v104 i256;
        call %assert v36;
        v37.*i8 = evm_malloc 64.i256;
        v38.i256 = ptr_to_int v37 i256;
        v105.*@__fe_Credit_0 = bitcast v37 *@__fe_Credit_0;
        v40.*i256 = bitcast v105 *i256;
        mstore v40 1.i256 i256;
        v42.*i256 = gep v105 0.i256 1.i256;
        mstore v42 5.i256 i256;
        v44.i256 = call %evm_hef0af3106e109414_call_h2e84dd1b94aea876_call_stor__Credit_h1b40c7da4bcceeac__9489dcd0a297a0c 0.i256 v96 100000.i256 0.i256 v38;
        v107.i1 = eq 5.i256 v44;
        v46.i256 = zext v107 i256;
        call %assert v46;
        v47.*i8 = evm_malloc 64.i256;
        v48.i256 = ptr_to_int v47 i256;
        v108.*@__fe_Transfer_1 = bitcast v47 *@__fe_Transfer_1;
        v50.*i256 = bitcast v108 *i256;
        mstore v50 0.i256 i256;
        v52.*i256 = gep v108 0.i256 1.i256;
        mstore v52 3.i256 i256;
        v54.i256 = call %evm_hef0af3106e109414_call_h2e84dd1b94aea876_call_stor__Transfer_hbe7d801e15d910f6__66cc42efa72ff9b1 0.i256 v96 100000.i256 0.i256 v48;
        v110.i1 = is_zero v54;
        v56.i256 = zext v110 i256;
        call %assert v56;
        v57.i256 = call %evm_hef0af3106e109414_call_h2e84dd1b94aea876_call_stor__BalanceOf_h891837b06b5610d4__9cd8cdf578aad9be 0.i256 v96 100000.i256 0.i256 0.i256;
        v111.i1 = eq 7.i256 v57;
        v60.i256 = zext v111 i256;
        call %assert v60;
        v61.i256 = call %evm_hef0af3106e109414_call_h2e84dd1b94aea876_call_stor__BalanceOf_h891837b06b5610d4__9cd8cdf578aad9be 0.i256 v96 100000.i256 0.i256 1.i256;
        v112.i1 = eq 8.i256 v61;
        v64.i256 = zext v112 i256;
        call %assert v64;
        v65.*i8 = evm_malloc 64.i256;
        v66.i256 = ptr_to_int v65 i256;
        v113.*@__fe_Transfer_1 = bitcast v65 *@__fe_Transfer_1;
        v68.*i256 = bitcast v113 *i256;
        mstore v68 1.i256 i256;
        v70.*i256 = gep v113 0.i256 1.i256;
        mstore v70 20.i256 i256;
        v72.i256 = call %evm_hef0af3106e109414_call_h2e84dd1b94aea876_call_stor__Transfer_hbe7d801e15d910f6__66cc42efa72ff9b1 0.i256 v96 100000.i256 0.i256 v66;
        v115.i1 = eq 1.i256 v72;
        v74.i256 = zext v115 i256;
        call %assert v74;
        v76.i256 = call %encode_calldata__TotalSupply_h7bb395110a25abc2__8d4065b5d6bedb33 960555502.i256;
        v77.*@__fe_tuple_4 = int_to_ptr v76 *@__fe_tuple_4;
        v78.*i256 = bitcast v77 *i256;
        v79.i256 = mload v78 i256;
        v81.*i256 = gep v77 0.i256 1.i256;
        v82.i256 = mload v81 i256;
        v83.i256 = evm_call 100000.i256 v96 0.i256 v79 v82 0.i256 0.i256;
        v84.i256 = evm_return_data_size;
        v85.*i8 = evm_malloc v84;
        v86.i256 = ptr_to_int v85 i256;
        evm_return_data_copy v86 0.i256 v84;
        v87.i1 = is_zero v83;
        br v87 block8 block9;

    block8:
        evm_revert v86 v84;

    block9:
        v90.i256 = call %decode_returndata__u256__3271ca15373d4483 v86 v84;
        v116.i1 = eq 15.i256 v90;
        v93.i256 = zext v116 i256;
        call %assert v93;
        evm_return 0.i256 0.i256;
}

func private %__Coin_init() {
    block0:
        v2.i256 = sym_addr &__Coin_runtime;
        v3.i256 = sym_size &__Coin_runtime;
        v4.i256 = evm_code_size;
        v6.i256 = add v2 v3;
        v7.i1 = lt v4 v6;
        br v7 block1 block2;

    block1:
        evm_revert 0.i256 0.i256;

    block2:
        v17.i256 = sub v4 v6;
        v18.*i8 = evm_malloc v17;
        v19.i256 = ptr_to_int v18 i256;
        evm_code_copy v19 v6 v17;
        v24.*i8 = evm_malloc 64.i256;
        v25.i256 = ptr_to_int v24 i256;
        v38.*@__fe_MemoryBytes_2 = bitcast v24 *@__fe_MemoryBytes_2;
        v27.*i256 = bitcast v38 *i256;
        mstore v27 v19 i256;
        v32.*i256 = gep v38 0.i256 1.i256;
        mstore v32 v17 i256;
        v33.i256 = call %soldecoder_i__ha12a03fcb5ba844b_new__MemoryBytes_h1e381015a9b0111b__59e0d528d54cca1b v25;
        evm_sstore 0.i256 0.i256;
        evm_sstore 1.i256 0.i256;
        evm_sstore 2.i256 0.i256;
        evm_code_copy 0.i256 v2 v3;
        evm_return 0.i256 v3;
}

func private %__Coin_runtime() {
    block0:
        v155.i256 = evm_calldata_size;
        v22.i1 = lt v155 4.i256;
        br v22 block11 block12;

    block11:
        evm_revert 0.i256 0.i256;

    block12:
        v159.i256 = evm_calldata_load 0.i256;
        v237.*i8 = evm_malloc 64.i256;
        v254.*@__fe_Cursor_8 = bitcast v237 *@__fe_Cursor_8;
        v240.*@__fe_CallData_7 = bitcast v254 *@__fe_CallData_7;
        mstore v240 0.i256 i256;
        v242.*i256 = gep v254 0.i256 1.i256;
        mstore v242 0.i256 i256;
        v246.*i8 = evm_malloc 64.i256;
        v256.*@__fe_Cursor_8 = bitcast v246 *@__fe_Cursor_8;
        v249.*@__fe_CallData_7 = bitcast v256 *@__fe_CallData_7;
        mstore v249 0.i256 i256;
        v251.*i256 = gep v256 0.i256 1.i256;
        mstore v251 4.i256 i256;
        v167.*i8 = evm_malloc 96.i256;
        v168.i256 = ptr_to_int v167 i256;
        v258.*@__fe_SolDecoder_9 = bitcast v167 *@__fe_SolDecoder_9;
        v173.*i256 = bitcast v258 *i256;
        mstore v173 0.i256 i256;
        v178.*i256 = gep v258 0.i256 0.i256 1.i256;
        mstore v178 4.i256 i256;
        v180.*i256 = gep v258 0.i256 1.i256;
        mstore v180 4.i256 i256;
        v261.i256 = shr 224.i256 v159;
        v8.i1 = eq 2877082652.i256 v261;
        br v8 block2 block6;

    block1:
        evm_revert 0.i256 0.i256;

    block2:
        v31.i256 = call %u256_h3271ca15373d4483_decode_hb2fe2bf528775e55_decode__Sol_hfd482bb803ad8c5f_SolDecoder_CallData___fe17857f71623b98 v168;
        v32.i256 = call %u256_h3271ca15373d4483_decode_hb2fe2bf528775e55_decode__Sol_hfd482bb803ad8c5f_SolDecoder_CallData___fe17857f71623b98 v168;
        v33.*i8 = evm_malloc 64.i256;
        v262.*@__fe_Credit_0 = bitcast v33 *@__fe_Credit_0;
        v36.*i256 = bitcast v262 *i256;
        mstore v36 v31 i256;
        v38.*i256 = gep v262 0.i256 1.i256;
        mstore v38 v32 i256;
        v45.i1 = is_zero v31;
        br v45 block15 block16;

    block15:
        v48.i256 = evm_sload 0.i256;
        v49.i256 = add v32 v48;
        evm_sstore 0.i256 v49;
        v52.i256 = evm_sload 2.i256;
        v53.i256 = add v32 v52;
        evm_sstore 2.i256 v53;
        jump block13;

    block16:
        v58.i256 = evm_sload 1.i256;
        v59.i256 = add v32 v58;
        evm_sstore 1.i256 v59;
        v62.i256 = evm_sload 2.i256;
        v63.i256 = add v32 v62;
        evm_sstore 2.i256 v63;
        jump block13;

    block13:
        v67.i256 = phi (v49 block15) (v59 block16);
        v181.*i8 = evm_malloc 96.i256;
        v182.i256 = ptr_to_int v181 i256;
        v264.*@__fe_SolEncoder_3 = bitcast v181 *@__fe_SolEncoder_3;
        v184.*i256 = bitcast v264 *i256;
        mstore v184 0.i256 i256;
        v186.*i256 = gep v264 0.i256 1.i256;
        mstore v186 0.i256 i256;
        v188.*i256 = gep v264 0.i256 2.i256;
        mstore v188 0.i256 i256;
        v70.i256 = call %solencoder_h1b9228b90dad6928_abiencoder_hffd58d20d4321024_reserve_head v182 32.i256;
        v189.*@__fe_SolEncoder_3 = int_to_ptr v182 *@__fe_SolEncoder_3;
        v190.*i256 = gep v189 0.i256 1.i256;
        v191.i256 = mload v190 i256;
        mstore v191 v67 i256;
        v192.i256 = add 32.i256 v191;
        mstore v190 v192 i256;
        v71.i256 = call %solencoder_h1b9228b90dad6928_abiencoder_hffd58d20d4321024_finish v182;
        v72.*@__fe_tuple_4 = int_to_ptr v71 *@__fe_tuple_4;
        v73.*i256 = bitcast v72 *i256;
        v74.i256 = mload v73 i256;
        v76.*i256 = gep v72 0.i256 1.i256;
        v77.i256 = mload v76 i256;
        evm_return v74 v77;

    block3:
        v78.i256 = call %u256_h3271ca15373d4483_decode_hb2fe2bf528775e55_decode__Sol_hfd482bb803ad8c5f_SolDecoder_CallData___fe17857f71623b98 v168;
        v79.i256 = call %u256_h3271ca15373d4483_decode_hb2fe2bf528775e55_decode__Sol_hfd482bb803ad8c5f_SolDecoder_CallData___fe17857f71623b98 v168;
        v80.*i8 = evm_malloc 64.i256;
        v267.*@__fe_Transfer_1 = bitcast v80 *@__fe_Transfer_1;
        v83.*i256 = bitcast v267 *i256;
        mstore v83 v78 i256;
        v85.*i256 = gep v267 0.i256 1.i256;
        mstore v85 v79 i256;
        v92.i1 = is_zero v78;
        br v92 block20 block21;

    block20:
        v95.i256 = evm_sload 0.i256;
        v96.i1 = lt v95 v79;
        br v96 block18 block23;

    block21:
        v107.i256 = evm_sload 1.i256;
        v108.i1 = lt v107 v79;
        br v108 block18 block25;

    block23:
        v100.i256 = sub v95 v79;
        evm_sstore 0.i256 v100;
        v102.i256 = evm_sload 1.i256;
        v103.i256 = add v102 v79;
        evm_sstore 1.i256 v103;
        jump block18;

    block25:
        v113.i256 = sub v107 v79;
        evm_sstore 1.i256 v113;
        v115.i256 = evm_sload 0.i256;
        v116.i256 = add v115 v79;
        evm_sstore 0.i256 v116;
        jump block18;

    block18:
        v117.i256 = phi (1.i256 block20) (0.i256 block23) (1.i256 block21) (0.i256 block25);
        v195.*i8 = evm_malloc 96.i256;
        v196.i256 = ptr_to_int v195 i256;
        v269.*@__fe_SolEncoder_3 = bitcast v195 *@__fe_SolEncoder_3;
        v198.*i256 = bitcast v269 *i256;
        mstore v198 0.i256 i256;
        v200.*i256 = gep v269 0.i256 1.i256;
        mstore v200 0.i256 i256;
        v202.*i256 = gep v269 0.i256 2.i256;
        mstore v202 0.i256 i256;
        v119.i256 = call %solencoder_h1b9228b90dad6928_abiencoder_hffd58d20d4321024_reserve_head v196 32.i256;
        v203.*@__fe_SolEncoder_3 = int_to_ptr v196 *@__fe_SolEncoder_3;
        v204.*i256 = gep v203 0.i256 1.i256;
        v205.i256 = mload v204 i256;
        mstore v205 v117 i256;
        v206.i256 = add 32.i256 v205;
        mstore v204 v206 i256;
        v120.i256 = call %solencoder_h1b9228b90dad6928_abiencoder_hffd58d20d4321024_finish v196;
        v121.*@__fe_tuple_4 = int_to_ptr v120 *@__fe_tuple_4;
        v122.*i256 = bitcast v121 *i256;
        v123.i256 = mload v122 i256;
        v125.*i256 = gep v121 0.i256 1.i256;
        v126.i256 = mload v125 i256;
        evm_return v123 v126;

    block4:
        v21.i256 = call %u256_h3271ca15373d4483_decode_hb2fe2bf528775e55_decode__Sol_hfd482bb803ad8c5f_SolDecoder_CallData___fe17857f71623b98 v168;
        v127.i1 = is_zero v21;
        br v127 block29 block30;

    block29:
        v130.i256 = evm_sload 0.i256;
        jump block27;

    block30:
        v133.i256 = evm_sload 1.i256;
        jump block27;

    block27:
        v134.i256 = phi (v130 block29) (v133 block30);
        v209.*i8 = evm_malloc 96.i256;
        v210.i256 = ptr_to_int v209 i256;
        v272.*@__fe_SolEncoder_3 = bitcast v209 *@__fe_SolEncoder_3;
        v212.*i256 = bitcast v272 *i256;
        mstore v212 0.i256 i256;
        v214.*i256 = gep v272 0.i256 1.i256;
        mstore v214 0.i256 i256;
        v216.*i256 = gep v272 0.i256 2.i256;
        mstore v216 0.i256 i256;
        v136.i256 = call %solencoder_h1b9228b90dad6928_abiencoder_hffd58d20d4321024_reserve_head v210 32.i256;
        v217.*@__fe_SolEncoder_3 = int_to_ptr v210 *@__fe_SolEncoder_3;
        v218.*i256 = gep v217 0.i256 1.i256;
        v219.i256 = mload v218 i256;
        mstore v219 v134 i256;
        v220.i256 = add 32.i256 v219;
        mstore v218 v220 i256;
        v137.i256 = call %solencoder_h1b9228b90dad6928_abiencoder_hffd58d20d4321024_finish v210;
        v138.*@__fe_tuple_4 = int_to_ptr v137 *@__fe_tuple_4;
        v139.*i256 = bitcast v138 *i256;
        v140.i256 = mload v139 i256;
        v142.*i256 = gep v138 0.i256 1.i256;
        v143.i256 = mload v142 i256;
        evm_return v140 v143;

    block5:
        v145.i256 = evm_sload 2.i256;
        v223.*i8 = evm_malloc 96.i256;
        v224.i256 = ptr_to_int v223 i256;
        v275.*@__fe_SolEncoder_3 = bitcast v223 *@__fe_SolEncoder_3;
        v226.*i256 = bitcast v275 *i256;
        mstore v226 0.i256 i256;
        v228.*i256 = gep v275 0.i256 1.i256;
        mstore v228 0.i256 i256;
        v230.*i256 = gep v275 0.i256 2.i256;
        mstore v230 0.i256 i256;
        v147.i256 = call %solencoder_h1b9228b90dad6928_abiencoder_hffd58d20d4321024_reserve_head v224 32.i256;
        v231.*@__fe_SolEncoder_3 = int_to_ptr v224 *@__fe_SolEncoder_3;
        v232.*i256 = gep v231 0.i256 1.i256;
        v233.i256 = mload v232 i256;
        mstore v233 v145 i256;
        v234.i256 = add 32.i256 v233;
        mstore v232 v234 i256;
        v148.i256 = call %solencoder_h1b9228b90dad6928_abiencoder_hffd58d20d4321024_finish v224;
        v149.*@__fe_tuple_4 = int_to_ptr v148 *@__fe_tuple_4;
        v150.*i256 = bitcast v149 *i256;
        v151.i256 = mload v150 i256;
        v153.*i256 = gep v149 0.i256 1.i256;
        v154.i256 = mload v153 i256;
        evm_return v151 v154;

    block6:
        v9.i1 = eq 217554442.i256 v261;
        br v9 block3 block7;

    block7:
        v10.i1 = eq 1818602213.i256 v261;
        br v10 block4 block8;

    block8:
        v11.i1 = eq 960555502.i256 v261;
        br v11 block5 block1;
}

func public %assert(v0.i256) {
    block0:
        v2.i1 = is_zero v0;
        br v2 block1 block2;

    block1:
        evm_revert 0.i256 0.i256;

    block2:
        return;
}

func private %evm_hef0af3106e109414_call_h2e84dd1b94aea876_call_stor__Credit_h1b40c7da4bcceeac__9489dcd0a297a0c(v0.i256, v1.i256, v2.i256, v3.i256, v4.i256) -> i256 {
    block0:
        v34.*i8 = evm_malloc 96.i256;
        v35.i256 = ptr_to_int v34 i256;
        v67.*@__fe_SolEncoder_3 = bitcast v34 *@__fe_SolEncoder_3;
        v37.*i256 = bitcast v67 *i256;
        mstore v37 0.i256 i256;
        v39.*i256 = gep v67 0.i256 1.i256;
        mstore v39 0.i256 i256;
        v41.*i256 = gep v67 0.i256 2.i256;
        mstore v41 0.i256 i256;
        v28.i256 = call %solencoder_h1b9228b90dad6928_abiencoder_hffd58d20d4321024_reserve_head v35 68.i256;
        mstore v28 -38226094382411871399633673785201458058701482704730525187925789145324379439104.i256 i256;
        v30.i256 = add 4.i256 v28;
        v42.*@__fe_SolEncoder_3 = int_to_ptr v35 *@__fe_SolEncoder_3;
        v43.*i256 = gep v42 0.i256 1.i256;
        mstore v43 v30 i256;
        v45.*@__fe_Credit_0 = int_to_ptr v4 *@__fe_Credit_0;
        v46.*i256 = bitcast v45 *i256;
        v47.i256 = mload v46 i256;
        mstore v30 v47 i256;
        v51.i256 = add v30 32.i256;
        mstore v43 v51 i256;
        v55.*i256 = gep v45 0.i256 1.i256;
        v56.i256 = mload v55 i256;
        mstore v51 v56 i256;
        v60.i256 = add v51 32.i256;
        mstore v43 v60 i256;
        v31.i256 = call %solencoder_h1b9228b90dad6928_abiencoder_hffd58d20d4321024_finish v35;
        v8.*@__fe_tuple_4 = int_to_ptr v31 *@__fe_tuple_4;
        v9.*i256 = bitcast v8 *i256;
        v10.i256 = mload v9 i256;
        v13.*i256 = gep v8 0.i256 1.i256;
        v14.i256 = mload v13 i256;
        v15.i256 = evm_call v2 v1 v3 v10 v14 0.i256 0.i256;
        v16.i256 = evm_return_data_size;
        v17.*i8 = evm_malloc v16;
        v18.i256 = ptr_to_int v17 i256;
        evm_return_data_copy v18 0.i256 v16;
        v19.i1 = is_zero v15;
        br v19 block1 block2;

    block1:
        evm_revert v18 v16;

    block2:
        v26.i256 = call %decode_returndata__u256__3271ca15373d4483 v18 v16;
        return v26;
}

func private %evm_hef0af3106e109414_call_h2e84dd1b94aea876_call_stor__Transfer_hbe7d801e15d910f6__66cc42efa72ff9b1(v0.i256, v1.i256, v2.i256, v3.i256, v4.i256) -> i256 {
    block0:
        v34.*i8 = evm_malloc 96.i256;
        v35.i256 = ptr_to_int v34 i256;
        v67.*@__fe_SolEncoder_3 = bitcast v34 *@__fe_SolEncoder_3;
        v37.*i256 = bitcast v67 *i256;
        mstore v37 0.i256 i256;
        v39.*i256 = gep v67 0.i256 1.i256;
        mstore v39 0.i256 i256;
        v41.*i256 = gep v67 0.i256 2.i256;
        mstore v41 0.i256 i256;
        v28.i256 = call %solencoder_h1b9228b90dad6928_abiencoder_hffd58d20d4321024_reserve_head v35 68.i256;
        mstore v28 5865256153521717170471777043062137194249213065319226468487051471953667817472.i256 i256;
        v30.i256 = add 4.i256 v28;
        v42.*@__fe_SolEncoder_3 = int_to_ptr v35 *@__fe_SolEncoder_3;
        v43.*i256 = gep v42 0.i256 1.i256;
        mstore v43 v30 i256;
        v45.*@__fe_Transfer_1 = int_to_ptr v4 *@__fe_Transfer_1;
        v46.*i256 = bitcast v45 *i256;
        v47.i256 = mload v46 i256;
        mstore v30 v47 i256;
        v51.i256 = add v30 32.i256;
        mstore v43 v51 i256;
        v55.*i256 = gep v45 0.i256 1.i256;
        v56.i256 = mload v55 i256;
        mstore v51 v56 i256;
        v60.i256 = add v51 32.i256;
        mstore v43 v60 i256;
        v31.i256 = call %solencoder_h1b9228b90dad6928_abiencoder_hffd58d20d4321024_finish v35;
        v8.*@__fe_tuple_4 = int_to_ptr v31 *@__fe_tuple_4;
        v9.*i256 = bitcast v8 *i256;
        v10.i256 = mload v9 i256;
        v13.*i256 = gep v8 0.i256 1.i256;
        v14.i256 = mload v13 i256;
        v15.i256 = evm_call v2 v1 v3 v10 v14 0.i256 0.i256;
        v16.i256 = evm_return_data_size;
        v17.*i8 = evm_malloc v16;
        v18.i256 = ptr_to_int v17 i256;
        evm_return_data_copy v18 0.i256 v16;
        v19.i1 = is_zero v15;
        br v19 block1 block2;

    block1:
        evm_revert v18 v16;

    block2:
        v26.i256 = call %decode_returndata__u256__3271ca15373d4483 v18 v16;
        return v26;
}

func private %evm_hef0af3106e109414_call_h2e84dd1b94aea876_call_stor__BalanceOf_h891837b06b5610d4__9cd8cdf578aad9be(v0.i256, v1.i256, v2.i256, v3.i256, v4.i256) -> i256 {
    block0:
        v34.*i8 = evm_malloc 96.i256;
        v35.i256 = ptr_to_int v34 i256;
        v54.*@__fe_SolEncoder_3 = bitcast v34 *@__fe_SolEncoder_3;
        v37.*i256 = bitcast v54 *i256;
        mstore v37 0.i256 i256;
        v39.*i256 = gep v54 0.i256 1.i256;
        mstore v39 0.i256 i256;
        v41.*i256 = gep v54 0.i256 2.i256;
        mstore v41 0.i256 i256;
        v28.i256 = call %solencoder_h1b9228b90dad6928_abiencoder_hffd58d20d4321024_reserve_head v35 36.i256;
        mstore v28 49029418671242127934947299235358287917519191605832892196421926281513699115008.i256 i256;
        v30.i256 = add 4.i256 v28;
        v42.*@__fe_SolEncoder_3 = int_to_ptr v35 *@__fe_SolEncoder_3;
        v43.*i256 = gep v42 0.i256 1.i256;
        mstore v43 v30 i256;
        mstore v30 v4 i256;
        v47.i256 = add v30 32.i256;
        mstore v43 v47 i256;
        v31.i256 = call %solencoder_h1b9228b90dad6928_abiencoder_hffd58d20d4321024_finish v35;
        v8.*@__fe_tuple_4 = int_to_ptr v31 *@__fe_tuple_4;
        v9.*i256 = bitcast v8 *i256;
        v10.i256 = mload v9 i256;
        v13.*i256 = gep v8 0.i256 1.i256;
        v14.i256 = mload v13 i256;
        v15.i256 = evm_call v2 v1 v3 v10 v14 0.i256 0.i256;
        v16.i256 = evm_return_data_size;
        v17.*i8 = evm_malloc v16;
        v18.i256 = ptr_to_int v17 i256;
        evm_return_data_copy v18 0.i256 v16;
        v19.i1 = is_zero v15;
        br v19 block1 block2;

    block1:
        evm_revert v18 v16;

    block2:
        v26.i256 = call %decode_returndata__u256__3271ca15373d4483 v18 v16;
        return v26;
}

func public %alloc(v0.i256) -> i256 {
    block0:
        v3.i256 = mload 64.i256 i256;
        v4.i1 = is_zero v3;
        br v4 block1 block2;

    block1:
        v7.i256 = evm_msize;
        jump block2;

    block2:
        v8.i256 = phi (v3 block0) (v7 block1);
        v10.i1 = lt v8 8192.i256;
        br v10 block3 block4;

    block3:
        jump block4;

    block4:
        v13.i256 = phi (v8 block2) (8192.i256 block3);
        v15.i256 = add v0 v13;
        mstore 64.i256 v15 i256;
        return v13;
}

func private %decode_returndata__u256__3271ca15373d4483(v0.i256, v1.i256) -> i256 {
    block0:
        v4.i1 = lt v1 32.i256;
        br v4 block1 block2;

    block1:
        evm_revert 0.i256 0.i256;

    block2:
        v8.*i8 = evm_malloc 64.i256;
        v9.i256 = ptr_to_int v8 i256;
        v64.*@__fe_MemoryBytes_2 = bitcast v8 *@__fe_MemoryBytes_2;
        v12.*i256 = bitcast v64 *i256;
        mstore v12 v0 i256;
        v16.*i256 = gep v64 0.i256 1.i256;
        mstore v16 v1 i256;
        v17.i256 = call %soldecoder_i__ha12a03fcb5ba844b_new__MemoryBytes_h1e381015a9b0111b__59e0d528d54cca1b v9;
        v17.*@__fe_SolDecoder_6 = int_to_ptr v17 *@__fe_SolDecoder_6;
        v66.*@__fe_Cursor_5 = bitcast v17 *@__fe_Cursor_5;
        v20.*@__fe_MemoryBytes_2 = bitcast v66 *@__fe_MemoryBytes_2;
        v21.i256 = ptr_to_int v20 i256;
        v22.*@__fe_MemoryBytes_2 = int_to_ptr v21 *@__fe_MemoryBytes_2;
        v23.*i256 = gep v22 0.i256 1.i256;
        v24.i256 = mload v23 i256;
        v28.*i256 = gep v66 0.i256 1.i256;
        v29.i256 = mload v28 i256;
        v30.i256 = add 32.i256 v29;
        v35.i256 = mload v28 i256;
        v80.i1 = gt v30 v24;
        v81.i256 = zext v80 i256;
        v82.i1 = lt v30 v35;
        v83.i256 = zext v82 i256;
        v84.i256 = or v81 v83;
        v41.i1 = ne 0.i256 v84;
        br v41 block5 block6;

    block5:
        evm_revert 0.i256 0.i256;

    block6:
        v46.i256 = mload v28 i256;
        v53.*i256 = bitcast v22 *i256;
        v54.i256 = mload v53 i256;
        v56.i256 = add v46 v54;
        v57.i256 = mload v56 i256;
        mstore v28 v30 i256;
        return v57;
}

func private %encode_calldata__TotalSupply_h7bb395110a25abc2__8d4065b5d6bedb33(v0.i256) -> i256 {
    block0:
        v13.*i8 = evm_malloc 96.i256;
        v14.i256 = ptr_to_int v13 i256;
        v23.*@__fe_SolEncoder_3 = bitcast v13 *@__fe_SolEncoder_3;
        v16.*i256 = bitcast v23 *i256;
        mstore v16 0.i256 i256;
        v18.*i256 = gep v23 0.i256 1.i256;
        mstore v18 0.i256 i256;
        v20.*i256 = gep v23 0.i256 2.i256;
        mstore v20 0.i256 i256;
        v5.i256 = call %solencoder_h1b9228b90dad6928_abiencoder_hffd58d20d4321024_reserve_head v14 4.i256;
        v7.i256 = shl 224.i256 v0;
        mstore v5 v7 i256;
        v8.i256 = add 4.i256 v5;
        v21.*@__fe_SolEncoder_3 = int_to_ptr v14 *@__fe_SolEncoder_3;
        v22.*i256 = gep v21 0.i256 1.i256;
        mstore v22 v8 i256;
        v9.i256 = call %solencoder_h1b9228b90dad6928_abiencoder_hffd58d20d4321024_finish v14;
        return v9;
}

func public %soldecoder_i__ha12a03fcb5ba844b_new__MemoryBytes_h1e381015a9b0111b__59e0d528d54cca1b(v0.i256) -> i256 {
    block0:
        v25.*i8 = evm_malloc 96.i256;
        v27.*@__fe_MemoryBytes_2 = int_to_ptr v0 *@__fe_MemoryBytes_2;
        v28.*i256 = bitcast v27 *i256;
        v29.i256 = mload v28 i256;
        v39.*@__fe_Cursor_5 = bitcast v25 *@__fe_Cursor_5;
        v31.*i256 = bitcast v39 *i256;
        mstore v31 v29 i256;
        v33.*i256 = gep v27 0.i256 1.i256;
        v34.i256 = mload v33 i256;
        v36.*i256 = gep v39 0.i256 0.i256 1.i256;
        mstore v36 v34 i256;
        v38.*i256 = gep v39 0.i256 1.i256;
        mstore v38 0.i256 i256;
        v4.*i8 = evm_malloc 128.i256;
        v5.i256 = ptr_to_int v4 i256;
        v42.*@__fe_SolDecoder_6 = bitcast v4 *@__fe_SolDecoder_6;
        v10.*i256 = bitcast v42 *i256;
        mstore v10 v29 i256;
        v16.*i256 = gep v42 0.i256 0.i256 0.i256 1.i256;
        mstore v16 v34 i256;
        v21.*i256 = gep v42 0.i256 0.i256 1.i256;
        mstore v21 0.i256 i256;
        v23.*i256 = gep v42 0.i256 1.i256;
        mstore v23 0.i256 i256;
        return v5;
}

func private %u256_h3271ca15373d4483_decode_hb2fe2bf528775e55_decode__Sol_hfd482bb803ad8c5f_SolDecoder_CallData___fe17857f71623b98(v0.i256) -> i256 {
    block0:
        v2.*@__fe_SolDecoder_9 = int_to_ptr v0 *@__fe_SolDecoder_9;
        v50.*@__fe_Cursor_8 = bitcast v2 *@__fe_Cursor_8;
        v6.*@__fe_CallData_7 = bitcast v50 *@__fe_CallData_7;
        v7.i256 = mload v6 i256;
        v43.i256 = evm_calldata_size;
        v13.*i256 = gep v50 0.i256 1.i256;
        v14.i256 = mload v13 i256;
        v16.i256 = add 32.i256 v14;
        v67.i256 = sub v43 v7;
        v68.i1 = gt v16 v67;
        v69.i256 = zext v68 i256;
        v70.i1 = lt v16 v14;
        v71.i256 = zext v70 i256;
        v72.i256 = or v69 v71;
        v27.i1 = ne 0.i256 v72;
        br v27 block3 block4;

    block3:
        evm_revert 0.i256 0.i256;

    block4:
        v46.i256 = add v14 v7;
        v47.i256 = evm_calldata_load v46;
        mstore v13 v16 i256;
        return v47;
}

func private %solencoder_h1b9228b90dad6928_abiencoder_hffd58d20d4321024_reserve_head(v0.i256, v1.i256) -> i256 {
    block0:
        v3.*@__fe_SolEncoder_3 = int_to_ptr v0 *@__fe_SolEncoder_3;
        v4.*i256 = bitcast v3 *i256;
        v5.i256 = mload v4 i256;
        v6.i1 = is_zero v5;
        br v6 block1 block2;

    block1:
        v10.*i8 = evm_malloc v1;
        v11.i256 = ptr_to_int v10 i256;
        mstore v4 v11 i256;
        v17.*i256 = gep v3 0.i256 1.i256;
        mstore v17 v11 i256;
        v18.i256 = add v1 v11;
        v21.*i256 = gep v3 0.i256 2.i256;
        mstore v21 v18 i256;
        jump block2;

    block2:
        v25.i256 = mload v4 i256;
        return v25;
}

func private %solencoder_h1b9228b90dad6928_abiencoder_hffd58d20d4321024_finish(v0.i256) -> i256 {
    block0:
        v2.*@__fe_SolEncoder_3 = int_to_ptr v0 *@__fe_SolEncoder_3;
        v3.*i256 = bitcast v2 *i256;
        v4.i256 = mload v3 i256;
        v7.*i256 = gep v2 0.i256 2.i256;
        v8.i256 = mload v7 i256;
        v10.*i8 = evm_malloc 64.i256;
        v11.i256 = ptr_to_int v10 i256;
        v18.*@__fe_tuple_4 = bitcast v10 *@__fe_tuple_4;
        v13.*i256 = bitcast v18 *i256;
        mstore v13 v4 i256;
        v14.i256 = sub v8 v4;
        v17.*i256 = gep v18 0.i256 1.i256;
        mstore v17 v14 i256;
        return v11;
}

func public %solencoder_h1b9228b90dad6928_new() -> i256 {
    block0:
        v2.*i8 = evm_malloc 96.i256;
        v3.i256 = ptr_to_int v2 i256;
        v12.*@__fe_SolEncoder_3 = bitcast v2 *@__fe_SolEncoder_3;
        v5.*i256 = bitcast v12 *i256;
        mstore v5 0.i256 i256;
        v8.*i256 = gep v12 0.i256 1.i256;
        mstore v8 0.i256 i256;
        v11.*i256 = gep v12 0.i256 2.i256;
        mstore v11 0.i256 i256;
        return v3;
}

func public %cursor_i__h140a998c67d6d59c_new__MemoryBytes_h1e381015a9b0111b__59e0d528d54cca1b(v0.i256) -> i256 {
    block0:
        v3.*i8 = evm_malloc 96.i256;
        v4.i256 = ptr_to_int v3 i256;
        v5.*@__fe_MemoryBytes_2 = int_to_ptr v0 *@__fe_MemoryBytes_2;
        v6.*i256 = bitcast v5 *i256;
        v7.i256 = mload v6 i256;
        v18.*@__fe_Cursor_5 = bitcast v3 *@__fe_Cursor_5;
        v9.*i256 = bitcast v18 *i256;
        mstore v9 v7 i256;
        v12.*i256 = gep v5 0.i256 1.i256;
        v13.i256 = mload v12 i256;
        v15.*i256 = gep v18 0.i256 0.i256 1.i256;
        mstore v15 v13 i256;
        v17.*i256 = gep v18 0.i256 1.i256;
        mstore v17 0.i256 i256;
        return v4;
}

func public %soldecoder_i__ha12a03fcb5ba844b_with_base__CallData_hf71d505b6ff5dc81__e6d5f05c3478f563(v0.i256, v1.i256) -> i256 {
    block0:
        v22.*i8 = evm_malloc 64.i256;
        v37.*@__fe_Cursor_8 = bitcast v22 *@__fe_Cursor_8;
        v25.*@__fe_CallData_7 = bitcast v37 *@__fe_CallData_7;
        mstore v25 v0 i256;
        v27.*i256 = gep v37 0.i256 1.i256;
        mstore v27 0.i256 i256;
        v31.*i8 = evm_malloc 64.i256;
        v39.*@__fe_Cursor_8 = bitcast v31 *@__fe_Cursor_8;
        v34.*@__fe_CallData_7 = bitcast v39 *@__fe_CallData_7;
        mstore v34 v0 i256;
        v36.*i256 = gep v39 0.i256 1.i256;
        mstore v36 v1 i256;
        v6.*i8 = evm_malloc 96.i256;
        v7.i256 = ptr_to_int v6 i256;
        v41.*@__fe_SolDecoder_9 = bitcast v6 *@__fe_SolDecoder_9;
        v12.*i256 = bitcast v41 *i256;
        mstore v12 v0 i256;
        v18.*i256 = gep v41 0.i256 0.i256 1.i256;
        mstore v18 v1 i256;
        v20.*i256 = gep v41 0.i256 1.i256;
        mstore v20 v1 i256;
        return v7;
}

func public %cursor_i__h140a998c67d6d59c_new__CallData_hf71d505b6ff5dc81__e6d5f05c3478f563(v0.i256) -> i256 {
    block0:
        v3.*i8 = evm_malloc 64.i256;
        v4.i256 = ptr_to_int v3 i256;
        v10.*@__fe_Cursor_8 = bitcast v3 *@__fe_Cursor_8;
        v6.*@__fe_CallData_7 = bitcast v10 *@__fe_CallData_7;
        mstore v6 v0 i256;
        v9.*i256 = gep v10 0.i256 1.i256;
        mstore v9 0.i256 i256;
        return v4;
}

func public %cursor_i__h140a998c67d6d59c_fork__CallData_hf71d505b6ff5dc81__e6d5f05c3478f563(v0.i256, v1.i256) -> i256 {
    block0:
        v3.*@__fe_Cursor_8 = int_to_ptr v0 *@__fe_Cursor_8;
        v4.*@__fe_CallData_7 = bitcast v3 *@__fe_CallData_7;
        v5.i256 = mload v4 i256;
        v7.*i8 = evm_malloc 64.i256;
        v8.i256 = ptr_to_int v7 i256;
        v14.*@__fe_Cursor_8 = bitcast v7 *@__fe_Cursor_8;
        v10.*@__fe_CallData_7 = bitcast v14 *@__fe_CallData_7;
        mstore v10 v5 i256;
        v13.*i256 = gep v14 0.i256 1.i256;
        mstore v13 v1 i256;
        return v8;
}


object @Coin {
    section init {
        entry %__Coin_init;
        embed .runtime as &__Coin_runtime;
    }
    section runtime {
        entry %__Coin_runtime;
    }
}

object @Contract {
    section runtime {
        entry %__Contract_runtime_entry;
        embed @Coin.init as &__Coin_init;
    }
}
