---
source: crates/codegen/tests/evm.rs
expression: opt_ir_snapshot
input_file: test_files/evm/coin.sntn
---
target = "evm-ethereum-osaka"

type @__fe_Credit_0 = {i256, i256};
type @__fe_Transfer_1 = {i256, i256};
type @__fe_MemoryBytes_2 = {i256, i256};
type @__fe_SolEncoder_3 = {i256, i256, i256};
type @__fe_tuple_4 = {i256, i256};
type @__fe_Cursor_5 = {@__fe_MemoryBytes_2, i256};
type @__fe_SolDecoder_6 = {@__fe_Cursor_5, i256};
type @__fe_CallData_7 = {i256};
type @__fe_Cursor_8 = {@__fe_CallData_7, i256};
type @__fe_SolDecoder_9 = {@__fe_Cursor_8, i256};

func private %__Coin_recv_0_0(v0.i256, v1.i256) -> i256 {
    block0:
        v3.*@__fe_Credit_0 = int_to_ptr v0 *@__fe_Credit_0;
        v4.*i256 = bitcast v3 *i256;
        v5.i256 = mload v4 i256;
        v6.*@__fe_Credit_0 = int_to_ptr v0 *@__fe_Credit_0;
        v8.*i256 = gep v6 0.i256 1.i256;
        v9.i256 = mload v8 i256;
        v10.i1 = is_zero v5;
        br v10 block1 block2;

    block1:
        v15.i256 = evm_sload v1;
        v17.i256 = add v15 v9;
        evm_sstore v1 v17;
        v19.i256 = add 2.i256 v1;
        v20.i256 = evm_sload v19;
        v21.i256 = add v20 v9;
        evm_sstore v19 v21;
        v23.i256 = evm_sload v1;
        return v23;

    block2:
        v25.i256 = add 1.i256 v1;
        v26.i256 = evm_sload v25;
        v28.i256 = add v26 v9;
        evm_sstore v25 v28;
        v30.i256 = add 2.i256 v1;
        v31.i256 = evm_sload v30;
        v32.i256 = add v31 v9;
        evm_sstore v30 v32;
        v35.i256 = evm_sload v25;
        return v35;
}

func private %__Coin_recv_0_1(v0.i256, v1.i256) -> i256 {
    block0:
        v3.*@__fe_Transfer_1 = int_to_ptr v0 *@__fe_Transfer_1;
        v4.*i256 = bitcast v3 *i256;
        v5.i256 = mload v4 i256;
        v6.*@__fe_Transfer_1 = int_to_ptr v0 *@__fe_Transfer_1;
        v8.*i256 = gep v6 0.i256 1.i256;
        v9.i256 = mload v8 i256;
        v10.i1 = is_zero v5;
        br v10 block1 block2;

    block1:
        v15.i256 = evm_sload v1;
        v17.i1 = lt v15 v9;
        br v17 block3 block4;

    block2:
        v21.i256 = add 1.i256 v1;
        v22.i256 = evm_sload v21;
        v24.i1 = lt v22 v9;
        br v24 block5 block6;

    block3:
        return 1.i256;

    block4:
        v28.i256 = evm_sload v1;
        v30.i256 = sub v28 v9;
        evm_sstore v1 v30;
        v31.i256 = add 1.i256 v1;
        v32.i256 = evm_sload v31;
        v33.i256 = add v32 v9;
        evm_sstore v31 v33;
        return 0.i256;

    block5:
        return 1.i256;

    block6:
        v37.i256 = evm_sload v21;
        v39.i256 = sub v37 v9;
        evm_sstore v21 v39;
        v41.i256 = evm_sload v1;
        v42.i256 = add v41 v9;
        evm_sstore v1 v42;
        return 0.i256;
}

func private %__Coin_recv_0_2(v0.i256, v1.i256) -> i256 {
    block0:
        v3.i1 = is_zero v0;
        br v3 block1 block2;

    block1:
        v9.i256 = evm_sload v1;
        return v9;

    block2:
        v11.i256 = add 1.i256 v1;
        v12.i256 = evm_sload v11;
        return v12;
}

func private %__Coin_init() {
    block0:
        v2.i256 = sym_addr &__Coin_runtime;
        v3.i256 = sym_size &__Coin_runtime;
        v4.i256 = evm_code_size;
        v6.i256 = add v2 v3;
        v34.i256 = add v2 v3;
        v7.i1 = lt v4 v34;
        br v7 block1 block2;

    block1:
        evm_revert 0.i256 0.i256;

    block2:
        v35.i256 = add v2 v3;
        v17.i256 = sub v4 v35;
        v18.*i8 = evm_malloc v17;
        v19.i256 = ptr_to_int v18 i256;
        evm_code_copy v19 v6 v17;
        v24.*i8 = evm_malloc 64.i256;
        v25.i256 = ptr_to_int v24 i256;
        v36.*@__fe_MemoryBytes_2 = bitcast v24 *@__fe_MemoryBytes_2;
        v27.*i256 = bitcast v36 *i256;
        mstore v27 v19 i256;
        v37.*@__fe_MemoryBytes_2 = bitcast v24 *@__fe_MemoryBytes_2;
        v32.*i256 = gep v37 0.i256 1.i256;
        mstore v32 v17 i256;
        v33.i256 = call %soldecoder_i__ha12a03fcb5ba844b_new__MemoryBytes_h1e381015a9b0111b__59e0d528d54cca1b v25;
        evm_sstore 0.i256 0.i256;
        evm_sstore 1.i256 0.i256;
        evm_sstore 2.i256 0.i256;
        evm_code_copy 0.i256 v2 v3;
        evm_return 0.i256 v3;
}

func private %__Coin_runtime() {
    block0:
        v2.i256 = call %runtime_selector__Evm_hef0af3106e109414_Sol_hfd482bb803ad8c5f__e4e3f8d20b3805a2 0.i256;
        v60.*i8 = evm_malloc 64.i256;
        v61.i256 = ptr_to_int v60 i256;
        v75.*@__fe_Cursor_8 = bitcast v60 *@__fe_Cursor_8;
        v63.*@__fe_CallData_7 = bitcast v75 *@__fe_CallData_7;
        mstore v63 0.i256 i256;
        v76.*@__fe_Cursor_8 = bitcast v60 *@__fe_Cursor_8;
        v65.*i256 = gep v76 0.i256 1.i256;
        mstore v65 0.i256 i256;
        v66.*@__fe_Cursor_8 = int_to_ptr v61 *@__fe_Cursor_8;
        v67.*@__fe_CallData_7 = bitcast v66 *@__fe_CallData_7;
        v68.i256 = mload v67 i256;
        v69.*i8 = evm_malloc 64.i256;
        v70.i256 = ptr_to_int v69 i256;
        v77.*@__fe_Cursor_8 = bitcast v69 *@__fe_Cursor_8;
        v72.*@__fe_CallData_7 = bitcast v77 *@__fe_CallData_7;
        mstore v72 v68 i256;
        v78.*@__fe_Cursor_8 = bitcast v69 *@__fe_Cursor_8;
        v74.*i256 = gep v78 0.i256 1.i256;
        mstore v74 4.i256 i256;
        v46.*i8 = evm_malloc 96.i256;
        v47.i256 = ptr_to_int v46 i256;
        v48.*@__fe_Cursor_8 = int_to_ptr v70 *@__fe_Cursor_8;
        v49.*i256 = bitcast v48 *i256;
        v50.i256 = mload v49 i256;
        v79.*@__fe_SolDecoder_9 = bitcast v46 *@__fe_SolDecoder_9;
        v52.*i256 = bitcast v79 *i256;
        mstore v52 v50 i256;
        v53.*@__fe_Cursor_8 = int_to_ptr v70 *@__fe_Cursor_8;
        v54.*i256 = gep v53 0.i256 1.i256;
        v55.i256 = mload v54 i256;
        v80.*@__fe_SolDecoder_9 = bitcast v46 *@__fe_SolDecoder_9;
        v57.*i256 = gep v80 0.i256 0.i256 1.i256;
        mstore v57 v55 i256;
        v81.*@__fe_SolDecoder_9 = bitcast v46 *@__fe_SolDecoder_9;
        v59.*i256 = gep v81 0.i256 1.i256;
        mstore v59 4.i256 i256;
        v8.i1 = eq 2877082652.i256 v2;
        br v8 block2 block6;

    block1:
        evm_revert 0.i256 0.i256;

    block2:
        v24.i256 = call %soldecoder_i__ha12a03fcb5ba844b_abidecoder_h638151350e80a086_read_word__CallData_hf71d505b6ff5dc81__e6d5f05c3478f563 v47;
        v25.i256 = call %soldecoder_i__ha12a03fcb5ba844b_abidecoder_h638151350e80a086_read_word__CallData_hf71d505b6ff5dc81__e6d5f05c3478f563 v47;
        v26.*i8 = evm_malloc 64.i256;
        v27.i256 = ptr_to_int v26 i256;
        v82.*@__fe_Credit_0 = bitcast v26 *@__fe_Credit_0;
        v29.*i256 = bitcast v82 *i256;
        mstore v29 v24 i256;
        v83.*@__fe_Credit_0 = bitcast v26 *@__fe_Credit_0;
        v31.*i256 = gep v83 0.i256 1.i256;
        mstore v31 v25 i256;
        v15.i256 = call %__Coin_recv_0_0 v27 0.i256;
        call %return_value__Evm_hef0af3106e109414_Sol_hfd482bb803ad8c5f_u256__c4b26908c66ef75f 0.i256 v15;
        unreachable;

    block3:
        v32.i256 = call %soldecoder_i__ha12a03fcb5ba844b_abidecoder_h638151350e80a086_read_word__CallData_hf71d505b6ff5dc81__e6d5f05c3478f563 v47;
        v33.i256 = call %soldecoder_i__ha12a03fcb5ba844b_abidecoder_h638151350e80a086_read_word__CallData_hf71d505b6ff5dc81__e6d5f05c3478f563 v47;
        v34.*i8 = evm_malloc 64.i256;
        v35.i256 = ptr_to_int v34 i256;
        v84.*@__fe_Transfer_1 = bitcast v34 *@__fe_Transfer_1;
        v37.*i256 = bitcast v84 *i256;
        mstore v37 v32 i256;
        v85.*@__fe_Transfer_1 = bitcast v34 *@__fe_Transfer_1;
        v39.*i256 = gep v85 0.i256 1.i256;
        mstore v39 v33 i256;
        v19.i256 = call %__Coin_recv_0_1 v35 0.i256;
        call %return_value__Evm_hef0af3106e109414_Sol_hfd482bb803ad8c5f_u256__c4b26908c66ef75f 0.i256 v19;
        unreachable;

    block4:
        v21.i256 = call %soldecoder_i__ha12a03fcb5ba844b_abidecoder_h638151350e80a086_read_word__CallData_hf71d505b6ff5dc81__e6d5f05c3478f563 v47;
        v23.i256 = call %__Coin_recv_0_2 v21 0.i256;
        call %return_value__Evm_hef0af3106e109414_Sol_hfd482bb803ad8c5f_u256__c4b26908c66ef75f 0.i256 v23;
        unreachable;

    block5:
        v42.i256 = evm_sload 2.i256;
        call %return_value__Evm_hef0af3106e109414_Sol_hfd482bb803ad8c5f_u256__c4b26908c66ef75f 0.i256 v42;
        unreachable;

    block6:
        v9.i1 = eq 217554442.i256 v2;
        br v9 block3 block7;

    block7:
        v10.i1 = eq 1818602213.i256 v2;
        br v10 block4 block8;

    block8:
        v11.i1 = eq 960555502.i256 v2;
        br v11 block5 block1;
}

func public %assert(v0.i256) {
    block0:
        v2.i1 = is_zero v0;
        br v2 block1 block2;

    block1:
        evm_revert 0.i256 0.i256;

    block2:
        return;
}

func public %alloc(v0.i256) -> i256 {
    block0:
        v3.i256 = mload 64.i256 i256;
        v4.i1 = is_zero v3;
        br v4 block1 block2;

    block1:
        v7.i256 = evm_msize;
        jump block2;

    block2:
        v8.i256 = phi (v3 block0) (v7 block1);
        v10.i1 = lt v8 8192.i256;
        br v10 block3 block4;

    block3:
        jump block4;

    block4:
        v13.i256 = phi (v8 block2) (8192.i256 block3);
        v15.i256 = add v0 v13;
        mstore 64.i256 v15 i256;
        return v13;
}

func private %runtime_selector__Evm_hef0af3106e109414_Sol_hfd482bb803ad8c5f__e4e3f8d20b3805a2(v0.i256) -> i256 {
    block0:
        v10.i256 = evm_calldata_size;
        v5.i1 = lt v10 4.i256;
        br v5 block1 block2;

    block1:
        evm_revert 0.i256 0.i256;

    block2:
        v14.i256 = evm_calldata_load 0.i256;
        v16.i256 = shr 224.i256 v14;
        return v16;
}

func private %return_value__Evm_hef0af3106e109414_Sol_hfd482bb803ad8c5f_u256__c4b26908c66ef75f(v0.i256, v1.i256) {
    block0:
        v3.i256 = call %solencoder_h1b9228b90dad6928_new;
        v5.i256 = call %solencoder_h1b9228b90dad6928_abiencoder_hffd58d20d4321024_reserve_head v3 32.i256;
        v14.*@__fe_SolEncoder_3 = int_to_ptr v3 *@__fe_SolEncoder_3;
        v15.*i256 = gep v14 0.i256 1.i256;
        v16.i256 = mload v15 i256;
        mstore v16 v1 i256;
        v17.i256 = add 32.i256 v16;
        v18.*@__fe_SolEncoder_3 = int_to_ptr v3 *@__fe_SolEncoder_3;
        v19.*i256 = gep v18 0.i256 1.i256;
        mstore v19 v17 i256;
        v6.i256 = call %solencoder_h1b9228b90dad6928_abiencoder_hffd58d20d4321024_finish v3;
        v7.*@__fe_tuple_4 = int_to_ptr v6 *@__fe_tuple_4;
        v8.*i256 = bitcast v7 *i256;
        v9.i256 = mload v8 i256;
        v10.*@__fe_tuple_4 = int_to_ptr v6 *@__fe_tuple_4;
        v12.*i256 = gep v10 0.i256 1.i256;
        v13.i256 = mload v12 i256;
        evm_return v9 v13;
}

func public %soldecoder_i__ha12a03fcb5ba844b_new__MemoryBytes_h1e381015a9b0111b__59e0d528d54cca1b(v0.i256) -> i256 {
    block0:
        v25.*i8 = evm_malloc 96.i256;
        v26.i256 = ptr_to_int v25 i256;
        v27.*@__fe_MemoryBytes_2 = int_to_ptr v0 *@__fe_MemoryBytes_2;
        v28.*i256 = bitcast v27 *i256;
        v29.i256 = mload v28 i256;
        v39.*@__fe_Cursor_5 = bitcast v25 *@__fe_Cursor_5;
        v31.*i256 = bitcast v39 *i256;
        mstore v31 v29 i256;
        v32.*@__fe_MemoryBytes_2 = int_to_ptr v0 *@__fe_MemoryBytes_2;
        v33.*i256 = gep v32 0.i256 1.i256;
        v34.i256 = mload v33 i256;
        v40.*@__fe_Cursor_5 = bitcast v25 *@__fe_Cursor_5;
        v36.*i256 = gep v40 0.i256 0.i256 1.i256;
        mstore v36 v34 i256;
        v41.*@__fe_Cursor_5 = bitcast v25 *@__fe_Cursor_5;
        v38.*i256 = gep v41 0.i256 1.i256;
        mstore v38 0.i256 i256;
        v4.*i8 = evm_malloc 128.i256;
        v5.i256 = ptr_to_int v4 i256;
        v6.*@__fe_Cursor_5 = int_to_ptr v26 *@__fe_Cursor_5;
        v7.*i256 = bitcast v6 *i256;
        v8.i256 = mload v7 i256;
        v42.*@__fe_SolDecoder_6 = bitcast v4 *@__fe_SolDecoder_6;
        v10.*i256 = bitcast v42 *i256;
        mstore v10 v8 i256;
        v11.*@__fe_Cursor_5 = int_to_ptr v26 *@__fe_Cursor_5;
        v13.*i256 = gep v11 0.i256 0.i256 1.i256;
        v14.i256 = mload v13 i256;
        v43.*@__fe_SolDecoder_6 = bitcast v4 *@__fe_SolDecoder_6;
        v16.*i256 = gep v43 0.i256 0.i256 0.i256 1.i256;
        mstore v16 v14 i256;
        v17.*@__fe_Cursor_5 = int_to_ptr v26 *@__fe_Cursor_5;
        v18.*i256 = gep v17 0.i256 1.i256;
        v19.i256 = mload v18 i256;
        v44.*@__fe_SolDecoder_6 = bitcast v4 *@__fe_SolDecoder_6;
        v21.*i256 = gep v44 0.i256 0.i256 1.i256;
        mstore v21 v19 i256;
        v45.*@__fe_SolDecoder_6 = bitcast v4 *@__fe_SolDecoder_6;
        v23.*i256 = gep v45 0.i256 1.i256;
        mstore v23 0.i256 i256;
        return v5;
}

func private %solencoder_h1b9228b90dad6928_abiencoder_hffd58d20d4321024_reserve_head(v0.i256, v1.i256) -> i256 {
    block0:
        v3.*@__fe_SolEncoder_3 = int_to_ptr v0 *@__fe_SolEncoder_3;
        v4.*i256 = bitcast v3 *i256;
        v5.i256 = mload v4 i256;
        v6.i1 = is_zero v5;
        br v6 block1 block2;

    block1:
        v10.*i8 = evm_malloc v1;
        v11.i256 = ptr_to_int v10 i256;
        v13.*@__fe_SolEncoder_3 = int_to_ptr v0 *@__fe_SolEncoder_3;
        v14.*i256 = bitcast v13 *i256;
        mstore v14 v11 i256;
        v15.*@__fe_SolEncoder_3 = int_to_ptr v0 *@__fe_SolEncoder_3;
        v17.*i256 = gep v15 0.i256 1.i256;
        mstore v17 v11 i256;
        v18.i256 = add v1 v11;
        v19.*@__fe_SolEncoder_3 = int_to_ptr v0 *@__fe_SolEncoder_3;
        v21.*i256 = gep v19 0.i256 2.i256;
        mstore v21 v18 i256;
        jump block2;

    block2:
        v23.*@__fe_SolEncoder_3 = int_to_ptr v0 *@__fe_SolEncoder_3;
        v24.*i256 = bitcast v23 *i256;
        v25.i256 = mload v24 i256;
        return v25;
}

func private %solencoder_h1b9228b90dad6928_abiencoder_hffd58d20d4321024_finish(v0.i256) -> i256 {
    block0:
        v2.*@__fe_SolEncoder_3 = int_to_ptr v0 *@__fe_SolEncoder_3;
        v3.*i256 = bitcast v2 *i256;
        v4.i256 = mload v3 i256;
        v5.*@__fe_SolEncoder_3 = int_to_ptr v0 *@__fe_SolEncoder_3;
        v7.*i256 = gep v5 0.i256 2.i256;
        v8.i256 = mload v7 i256;
        v10.*i8 = evm_malloc 64.i256;
        v11.i256 = ptr_to_int v10 i256;
        v18.*@__fe_tuple_4 = bitcast v10 *@__fe_tuple_4;
        v13.*i256 = bitcast v18 *i256;
        mstore v13 v4 i256;
        v14.i256 = sub v8 v4;
        v19.*@__fe_tuple_4 = bitcast v10 *@__fe_tuple_4;
        v17.*i256 = gep v19 0.i256 1.i256;
        mstore v17 v14 i256;
        return v11;
}

func public %solencoder_h1b9228b90dad6928_new() -> i256 {
    block0:
        v2.*i8 = evm_malloc 96.i256;
        v3.i256 = ptr_to_int v2 i256;
        v12.*@__fe_SolEncoder_3 = bitcast v2 *@__fe_SolEncoder_3;
        v5.*i256 = bitcast v12 *i256;
        mstore v5 0.i256 i256;
        v13.*@__fe_SolEncoder_3 = bitcast v2 *@__fe_SolEncoder_3;
        v8.*i256 = gep v13 0.i256 1.i256;
        mstore v8 0.i256 i256;
        v14.*@__fe_SolEncoder_3 = bitcast v2 *@__fe_SolEncoder_3;
        v11.*i256 = gep v14 0.i256 2.i256;
        mstore v11 0.i256 i256;
        return v3;
}

func public %cursor_i__h140a998c67d6d59c_new__MemoryBytes_h1e381015a9b0111b__59e0d528d54cca1b(v0.i256) -> i256 {
    block0:
        v3.*i8 = evm_malloc 96.i256;
        v4.i256 = ptr_to_int v3 i256;
        v5.*@__fe_MemoryBytes_2 = int_to_ptr v0 *@__fe_MemoryBytes_2;
        v6.*i256 = bitcast v5 *i256;
        v7.i256 = mload v6 i256;
        v18.*@__fe_Cursor_5 = bitcast v3 *@__fe_Cursor_5;
        v9.*i256 = bitcast v18 *i256;
        mstore v9 v7 i256;
        v10.*@__fe_MemoryBytes_2 = int_to_ptr v0 *@__fe_MemoryBytes_2;
        v12.*i256 = gep v10 0.i256 1.i256;
        v13.i256 = mload v12 i256;
        v19.*@__fe_Cursor_5 = bitcast v3 *@__fe_Cursor_5;
        v15.*i256 = gep v19 0.i256 0.i256 1.i256;
        mstore v15 v13 i256;
        v20.*@__fe_Cursor_5 = bitcast v3 *@__fe_Cursor_5;
        v17.*i256 = gep v20 0.i256 1.i256;
        mstore v17 0.i256 i256;
        return v4;
}

func public %soldecoder_i__ha12a03fcb5ba844b_with_base__CallData_hf71d505b6ff5dc81__e6d5f05c3478f563(v0.i256, v1.i256) -> i256 {
    block0:
        v22.*i8 = evm_malloc 64.i256;
        v23.i256 = ptr_to_int v22 i256;
        v37.*@__fe_Cursor_8 = bitcast v22 *@__fe_Cursor_8;
        v25.*@__fe_CallData_7 = bitcast v37 *@__fe_CallData_7;
        mstore v25 v0 i256;
        v38.*@__fe_Cursor_8 = bitcast v22 *@__fe_Cursor_8;
        v27.*i256 = gep v38 0.i256 1.i256;
        mstore v27 0.i256 i256;
        v28.*@__fe_Cursor_8 = int_to_ptr v23 *@__fe_Cursor_8;
        v29.*@__fe_CallData_7 = bitcast v28 *@__fe_CallData_7;
        v30.i256 = mload v29 i256;
        v31.*i8 = evm_malloc 64.i256;
        v32.i256 = ptr_to_int v31 i256;
        v39.*@__fe_Cursor_8 = bitcast v31 *@__fe_Cursor_8;
        v34.*@__fe_CallData_7 = bitcast v39 *@__fe_CallData_7;
        mstore v34 v30 i256;
        v40.*@__fe_Cursor_8 = bitcast v31 *@__fe_Cursor_8;
        v36.*i256 = gep v40 0.i256 1.i256;
        mstore v36 v1 i256;
        v6.*i8 = evm_malloc 96.i256;
        v7.i256 = ptr_to_int v6 i256;
        v8.*@__fe_Cursor_8 = int_to_ptr v32 *@__fe_Cursor_8;
        v9.*i256 = bitcast v8 *i256;
        v10.i256 = mload v9 i256;
        v41.*@__fe_SolDecoder_9 = bitcast v6 *@__fe_SolDecoder_9;
        v12.*i256 = bitcast v41 *i256;
        mstore v12 v10 i256;
        v13.*@__fe_Cursor_8 = int_to_ptr v32 *@__fe_Cursor_8;
        v15.*i256 = gep v13 0.i256 1.i256;
        v16.i256 = mload v15 i256;
        v42.*@__fe_SolDecoder_9 = bitcast v6 *@__fe_SolDecoder_9;
        v18.*i256 = gep v42 0.i256 0.i256 1.i256;
        mstore v18 v16 i256;
        v43.*@__fe_SolDecoder_9 = bitcast v6 *@__fe_SolDecoder_9;
        v20.*i256 = gep v43 0.i256 1.i256;
        mstore v20 v1 i256;
        return v7;
}

func private %soldecoder_i__ha12a03fcb5ba844b_abidecoder_h638151350e80a086_read_word__CallData_hf71d505b6ff5dc81__e6d5f05c3478f563(v0.i256) -> i256 {
    block0:
        v2.*@__fe_SolDecoder_9 = int_to_ptr v0 *@__fe_SolDecoder_9;
        v47.*@__fe_Cursor_8 = bitcast v2 *@__fe_Cursor_8;
        v5.*@__fe_CallData_7 = bitcast v47 *@__fe_CallData_7;
        v6.i256 = mload v5 i256;
        v42.i256 = evm_calldata_size;
        v8.*@__fe_SolDecoder_9 = int_to_ptr v0 *@__fe_SolDecoder_9;
        v48.*@__fe_Cursor_8 = bitcast v8 *@__fe_Cursor_8;
        v12.*i256 = gep v48 0.i256 1.i256;
        v13.i256 = mload v12 i256;
        v15.i256 = add 32.i256 v13;
        v16.*@__fe_SolDecoder_9 = int_to_ptr v0 *@__fe_SolDecoder_9;
        v49.*@__fe_Cursor_8 = bitcast v16 *@__fe_Cursor_8;
        v19.*i256 = gep v49 0.i256 1.i256;
        v20.i256 = mload v19 i256;
        v64.i256 = add 32.i256 v13;
        v65.i256 = sub v42 v6;
        v66.i1 = gt v64 v65;
        v67.i256 = zext v66 i256;
        v68.i1 = lt v64 v20;
        v69.i256 = zext v68 i256;
        v70.i256 = or v67 v69;
        v26.i1 = ne 0.i256 v70;
        br v26 block1 block2;

    block1:
        evm_revert 0.i256 0.i256;

    block2:
        v28.*@__fe_SolDecoder_9 = int_to_ptr v0 *@__fe_SolDecoder_9;
        v71.*@__fe_Cursor_8 = bitcast v28 *@__fe_Cursor_8;
        v31.*@__fe_CallData_7 = bitcast v71 *@__fe_CallData_7;
        v32.i256 = mload v31 i256;
        v33.*@__fe_SolDecoder_9 = int_to_ptr v0 *@__fe_SolDecoder_9;
        v72.*@__fe_Cursor_8 = bitcast v33 *@__fe_Cursor_8;
        v36.*i256 = gep v72 0.i256 1.i256;
        v37.i256 = mload v36 i256;
        v45.i256 = add v32 v37;
        v46.i256 = evm_calldata_load v45;
        v40.*@__fe_SolDecoder_9 = int_to_ptr v0 *@__fe_SolDecoder_9;
        v73.*@__fe_Cursor_8 = bitcast v40 *@__fe_Cursor_8;
        v43.*i256 = gep v73 0.i256 1.i256;
        mstore v43 v15 i256;
        return v46;
}

func public %cursor_i__h140a998c67d6d59c_new__CallData_hf71d505b6ff5dc81__e6d5f05c3478f563(v0.i256) -> i256 {
    block0:
        v3.*i8 = evm_malloc 64.i256;
        v4.i256 = ptr_to_int v3 i256;
        v10.*@__fe_Cursor_8 = bitcast v3 *@__fe_Cursor_8;
        v6.*@__fe_CallData_7 = bitcast v10 *@__fe_CallData_7;
        mstore v6 v0 i256;
        v11.*@__fe_Cursor_8 = bitcast v3 *@__fe_Cursor_8;
        v9.*i256 = gep v11 0.i256 1.i256;
        mstore v9 0.i256 i256;
        return v4;
}

func public %cursor_i__h140a998c67d6d59c_fork__CallData_hf71d505b6ff5dc81__e6d5f05c3478f563(v0.i256, v1.i256) -> i256 {
    block0:
        v3.*@__fe_Cursor_8 = int_to_ptr v0 *@__fe_Cursor_8;
        v4.*@__fe_CallData_7 = bitcast v3 *@__fe_CallData_7;
        v5.i256 = mload v4 i256;
        v7.*i8 = evm_malloc 64.i256;
        v8.i256 = ptr_to_int v7 i256;
        v14.*@__fe_Cursor_8 = bitcast v7 *@__fe_Cursor_8;
        v10.*@__fe_CallData_7 = bitcast v14 *@__fe_CallData_7;
        mstore v10 v5 i256;
        v15.*@__fe_Cursor_8 = bitcast v7 *@__fe_Cursor_8;
        v13.*i256 = gep v15 0.i256 1.i256;
        mstore v13 v1 i256;
        return v8;
}


object @Contract {
    section init {
        entry %__Coin_init;
        embed .runtime as &__Coin_runtime;
    }
    section runtime {
        entry %__Coin_runtime;
    }
}
