---
source: crates/codegen/tests/evm.rs
expression: "String::from_utf8(out).unwrap()"
input_file: test_files/evm/const_array_dynamic_dense_load.sntn
---
evm.config: stack_reach=16 vcode=true bytecode_hex=false stackify_trace=false evm_trace=false emit_observability=true

object: Contract
  section runtime: 194 bytes
  total: 194 bytes

functions:
  entry: ir_blocks=1 ir_insts=4 vcode_ops=12 fixups=2 imm_bytes=1
    mem: scratch_words=0 stable_words=0 stable_mode=None entry_abs_words=1 abs_words_end=0
  load_dense: ir_blocks=1 ir_insts=7 vcode_ops=15 fixups=1 imm_bytes=4
    mem: scratch_words=1 stable_words=0 stable_mode=None entry_abs_words=1 abs_words_end=1

--------------- OBSERVABILITY ---------------

object schema=0.1.0
totals section_bytes=194 code=34 data=160 embed=0 mapped=33 unmapped=1

section runtime schema=0.1.0
bytes total=194 code=34 data=160 embed=0
coverage mapped=33 unmapped=1
unmapped no_ir_inst=0 label_or_fixup_only=0 synthetic=1 unknown=0
pc [0, 1) func=entry block=0 vcode=0 ir=0 reason=- frontend=-
pc [1, 2) func=entry block=0 vcode=1 ir=0 reason=- frontend=-
pc [2, 4) func=entry block=0 vcode=2 ir=1 reason=- frontend=-
pc [4, 5) func=entry block=0 vcode=3 ir=1 reason=- frontend=-
pc [5, 7) func=entry block=0 vcode=4 ir=1 reason=- frontend=-
pc [7, 8) func=entry block=0 vcode=5 ir=1 reason=- frontend=-
pc [8, 9) func=entry block=0 vcode=6 ir=1 reason=- frontend=-
pc [9, 10) func=entry block=0 vcode=7 ir=2 reason=- frontend=-
pc [10, 11) func=entry block=0 vcode=8 ir=2 reason=- frontend=-
pc [11, 13) func=entry block=0 vcode=9 ir=3 reason=- frontend=-
pc [13, 14) func=entry block=0 vcode=10 ir=3 reason=- frontend=-
pc [14, 15) func=entry block=0 vcode=11 ir=3 reason=- frontend=-
pc [15, 16) func=load_dense block=0 vcode=14 ir=- reason=synthetic frontend=-
pc [16, 18) func=load_dense block=0 vcode=0 ir=4 reason=- frontend=-
pc [18, 19) func=load_dense block=0 vcode=1 ir=5 reason=- frontend=-
pc [19, 21) func=load_dense block=0 vcode=2 ir=5 reason=- frontend=-
pc [21, 22) func=load_dense block=0 vcode=3 ir=5 reason=- frontend=-
pc [22, 23) func=load_dense block=0 vcode=4 ir=6 reason=- frontend=-
pc [23, 25) func=load_dense block=0 vcode=5 ir=7 reason=- frontend=-
pc [25, 27) func=load_dense block=0 vcode=6 ir=8 reason=- frontend=-
pc [27, 28) func=load_dense block=0 vcode=7 ir=8 reason=- frontend=-
pc [28, 29) func=load_dense block=0 vcode=8 ir=8 reason=- frontend=-
pc [29, 30) func=load_dense block=0 vcode=9 ir=8 reason=- frontend=-
pc [30, 31) func=load_dense block=0 vcode=10 ir=8 reason=- frontend=-
pc [31, 32) func=load_dense block=0 vcode=11 ir=9 reason=- frontend=-
pc [32, 33) func=load_dense block=0 vcode=12 ir=3 reason=- frontend=-
pc [33, 34) func=load_dense block=0 vcode=13 ir=3 reason=- frontend=-

evm:
  case index_2: calldata_len=32 success reason=Return gas_used=21232 gas_refunded=0 logs=0 output=call len=32 tx_gas=21140 runtime_gas=92


--------------- DEBUG ---------------

// func public %entry()
entry:
  block0:
    PUSH0  // v0.i256 = evm_calldata_load 0.i256;
    CALLDATALOAD
    PUSH1 `pc + (4)`  // v1.i256 = call %load_dense v0;
    SWAP1
    PUSH1 FuncRef(1)
    JUMP
    JUMPDEST
    PUSH0  // mstore 0.i256 v1 i256;
    MSTORE
    PUSH1 0x20 (32)  // evm_return 0.i256 32.i256;
    PUSH0
    RETURN

// func private %load_dense(v0.i256) -> i256
load_dense:
  block0:
    JUMPDEST
    PUSH0 0x0 (0)  // v4.i256 = sym_addr $__sonatina_const_words_dense_0;
    SWAP1  // v6.i256 = mul v0 32.i256;
    PUSH1 0x20 (32)
    MUL
    ADD  // v7.i256 = add v4 v6;
    PUSH1 0x20 (32)  // v8.*i256 = alloca i256;
    PUSH1 0x20 (32)  // evm_code_copy v8 v7 32.i256;
    SWAP1
    SWAP2
    DUP3
    CODECOPY
    MLOAD  // v9.i256 = mload v8 i256;
    SWAP1  // return v9;
    JUMP
