---
source: crates/codegen/tests/evm.rs
expression: "String::from_utf8(out).unwrap()"
input_file: test_files/evm/dyn_sp_frontier_dispatch.sntn
---
evm.config: stack_reach=16 vcode=true bytecode_hex=false stackify_trace=false evm_trace=false emit_observability=false

object: Contract
  section runtime: 121 bytes
  total: 121 bytes

functions:
  ready: ir_blocks=3 ir_insts=10 vcode_ops=58 fixups=4 imm_bytes=13
    mem: scratch_words=0 stable_words=1 stable_mode=DynamicFrame entry_abs_words=0 abs_words_end=0
  dispatch: ir_blocks=3 ir_insts=7 vcode_ops=20 fixups=3 imm_bytes=3
    mem: scratch_words=0 stable_words=0 stable_mode=None entry_abs_words=0 abs_words_end=0
  entry: ir_blocks=1 ir_insts=6 vcode_ops=17 fixups=2 imm_bytes=2
    mem: scratch_words=0 stable_words=0 stable_mode=None entry_abs_words=0 abs_words_end=0

evm:
  case cold: calldata_len=4 success reason=Return gas_used=21134 gas_refunded=0 logs=0 output=call len=32 tx_gas=21028 runtime_gas=106
  case hot: calldata_len=4 success reason=Return gas_used=21343 gas_refunded=0 logs=0 output=call len=32 tx_gas=21016 runtime_gas=327


--------------- DEBUG ---------------

// func public %ready(v0.i256) -> i256
ready:
  block0:
    JUMPDEST
    PUSH1 0xa0 (160)
    PUSH1 0x80 (128)
    MSTORE
    PUSH0  // v1.i1 = eq v0 0.i256;
    DUP2
    EQ
    ISZERO  // br v1 block1 block2;
    PUSH1 block2
    JUMPI
  block1:
    POP  // return 7.i256;
    PUSH1 0x7 (7)
    SWAP1
    JUMP
  block2:
    JUMPDEST
    PUSH1 0x80 (128)  // v2.*i256 = alloca i256;
    MLOAD
    PUSH1 0x40 (64)
    MLOAD
    DUP2
    DUP2
    LT
    PUSH1 `pc + (3)`
    JUMPI
    SWAP1
    JUMPDEST
    POP
    PUSH1 0x20 (32)
    ADD
    PUSH1 0x80 (128)
    MSTORE
    PUSH1 0x20 (32)
    PUSH1 0x80 (128)
    MLOAD
    SUB
    DUP2  // mstore v2 v0 i256;
    DUP2
    MSTORE
    PUSH1 0x1 (1)  // v3.i256 = sub v0 1.i256;
    SWAP1
    SWAP2
    SUB
    PUSH1 `pc + (4)`  // v4.i256 = call %ready v3;
    SWAP1
    PUSH1 FuncRef(0)
    JUMP
    JUMPDEST
    SWAP1  // v5.i256 = mload v2 i256;
    MLOAD
    PUSH1 0x20 (32)
    PUSH1 0x80 (128)
    MLOAD
    SUB
    PUSH1 0x80 (128)
    MSTORE
    ADD  // v6.i256 = add v4 v5;
    SWAP1  // return v6;
    JUMP

// func public %dispatch(v0.i1) -> i256
dispatch:
  block0:
    JUMPDEST
    ISZERO  // br v0 block1 block2;
    PUSH1 block2
    JUMPI
  block1:
    PUSH1 0xa0 (160)  // v1.*i256 = evm_malloc 32.i256;
    PUSH1 0x6f (111)  // mstore v1 111.i256 i256;
    DUP2
    MSTORE
    MLOAD  // v3.i256 = mload v1 i256;
    SWAP1  // return v3;
    JUMP
  block2:
    JUMPDEST
    PUSH1 0x1 (1)  // v4.i256 = call %ready 1.i256;
    PUSH1 `pc + (4)`
    SWAP1
    PUSH1 FuncRef(0)
    JUMP
    JUMPDEST
    SWAP1  // return v4;
    JUMP

// func public %entry()
entry:
  block0:
    PUSH0  // v0.i256 = evm_calldata_load 0.i256;
    CALLDATALOAD
    PUSH1 0xe0 (224)  // v1.i256 = shr 224.i256 v0;
    SHR
    ISZERO  // v2.i1 = ne v1 0.i256;
    ISZERO
    PUSH1 `pc + (4)`  // v3.i256 = call %dispatch v2;
    SWAP1
    PUSH1 FuncRef(1)
    JUMP
    JUMPDEST
    PUSH0  // mstore 0.i256 v3 i256;
    MSTORE
    PUSH1 0x20 (32)  // evm_return 0.i256 32.i256;
    PUSH0
    RETURN
