---
source: crates/codegen/tests/evm.rs
expression: "String::from_utf8(out).unwrap()"
input_file: test_files/evm/dyn_frame_multi_slot_clamp_bug.sntn
---
evm.config: stack_reach=16 vcode=true bytecode_hex=false stackify_trace=false evm_trace=false emit_observability=false

object: Contract
  section runtime: 127 bytes
  total: 127 bytes

functions:
  mem: global_dyn_base=0xc0 arena_base=0xa0 scratch_peak_words=1 static_chain_peak_words=0
  f: ir_blocks=3 ir_insts=18 vcode_ops=93 fixups=5 imm_bytes=22
    mem: scratch_words=1 stable_words=2 stable_mode=DynamicFrame entry_abs_words=1 abs_words_end=1
  entry: ir_blocks=1 ir_insts=3 vcode_ops=11 fixups=2 imm_bytes=2
    mem: scratch_words=0 stable_words=0 stable_mode=None entry_abs_words=1 abs_words_end=0

evm:
  case ok: calldata_len=0 success reason=Return gas_used=21474 gas_refunded=0 logs=0 output=call len=32 tx_gas=21000 runtime_gas=474


--------------- DEBUG ---------------

// func public %f(v0.i256) -> i256
f:
  block0:
    JUMPDEST
    PUSH1 0x80 (128)
    MLOAD
    PUSH1 `pc + (5)`
    JUMPI
    PUSH1 0xc0 (192)
    PUSH1 0x80 (128)
    MSTORE
    JUMPDEST
    PUSH1 0x80 (128)
    MLOAD
    DUP1
    PUSH1 0x40 (64)
    MLOAD
    DUP2
    DUP2
    LT
    PUSH1 `pc + (3)`
    JUMPI
    SWAP1
    JUMPDEST
    POP
    PUSH1 0x60 (96)
    ADD
    DUP2
    PUSH1 0x20 (32)
    DUP3
    SUB
    MSTORE
    SWAP1
    POP
    PUSH1 0x80 (128)
    MSTORE
    PUSH1 0x60 (96)  // v4.i256 = sub v2 v3;
    PUSH1 0x80 (128)  // v2.i256 = evm_mload v1;
    MLOAD
    SUB  // v4.i256 = sub v2 v3;
    PUSH1 0xa (10)  // evm_mstore v4 v5;
    DUP2
    MSTORE
    PUSH1 0x40 (64)  // v8.i256 = sub v6 v7;
    PUSH1 0x80 (128)  // v6.i256 = evm_mload v1;
    MLOAD
    SUB  // v8.i256 = sub v6 v7;
    PUSH1 0x14 (20)  // evm_mstore v8 v9;
    DUP2
    MSTORE
    SWAP2  // br v0 block1 block2;
    ISZERO
    PUSH1 block2
    JUMPI
  block1:
    PUSH2 0x3e7 (999)  // evm_mstore v10 v11;
    PUSH1 0xa0 (160)
    MSTORE
    PUSH0  // v13.i256 = call %f v12;
    PUSH1 `pc + (4)`
    SWAP1
    PUSH1 FuncRef(0)
    JUMP
    JUMPDEST
    SWAP1  // v14.i256 = evm_mload v4;
    MLOAD
    SWAP2  // v15.i256 = evm_mload v8;
    MLOAD
    SWAP2  // v16.i256 = add v13 v14;
    SWAP1
    ADD
    ADD  // v17.i256 = add v16 v15;
    PUSH1 0x20 (32)  // return v17;
    PUSH1 0x80 (128)
    MLOAD
    SUB
    MLOAD
    PUSH1 0x80 (128)
    MSTORE
    SWAP1
    JUMP
  block2:
    JUMPDEST
    MLOAD  // v18.i256 = evm_mload v4;
    SWAP1  // v19.i256 = evm_mload v8;
    MLOAD
    ADD  // v20.i256 = add v18 v19;
    PUSH1 0x20 (32)  // return v20;
    PUSH1 0x80 (128)
    MLOAD
    SUB
    MLOAD
    PUSH1 0x80 (128)
    MSTORE
    SWAP1
    JUMP

// func public %entry()
entry:
  block0:
    PUSH1 0x1 (1)  // v1.i256 = call %f v0;
    PUSH1 `pc + (4)`
    SWAP1
    PUSH1 FuncRef(0)
    JUMP
    JUMPDEST
    PUSH0  // evm_mstore 0.i256 v1;
    MSTORE
    PUSH1 0x20 (32)  // evm_return 0.i256 32.i256;
    PUSH0
    RETURN
