---
source: crates/codegen/tests/evm.rs
expression: "String::from_utf8(out).unwrap()"
input_file: test_files/evm/fe_enum_test_enum_unoptimized.sntn
---
evm.config: stack_reach=16 vcode=true bytecode_hex=false stackify_trace=false evm_trace=false emit_observability=false opt=2

object: Contract
  section runtime: 1345 bytes
  total: 1345 bytes

object: EnumContract
  section init: 425 bytes
  section runtime: 414 bytes
  total: 839 bytes

functions:
  __EnumContract_init: ir_blocks=1 ir_insts=4 vcode_ops=8 fixups=2 imm_bytes=2
    mem: scratch_words=0 stable_words=0 stable_mode=None entry_abs_words=0 abs_words_end=0
  __EnumContract_runtime: ir_blocks=7 ir_insts=23 vcode_ops=84 fixups=15 imm_bytes=10
    mem: scratch_words=0 stable_words=3 stable_mode=StaticAbs(base=0xa0) entry_abs_words=0 abs_words_end=3
  assert: ir_blocks=3 ir_insts=3 vcode_ops=8 fixups=1 imm_bytes=0
    mem: scratch_words=0 stable_words=0 stable_mode=None entry_abs_words=0 abs_words_end=0
  evm_hef0af3106e109414_call_h2e84dd1b94aea876_call_stor_arg0_root_stor__MakeSome_hb4c3b28d7dc84c95__10de9d95694004b7: ir_blocks=5 ir_insts=30 vcode_ops=102 fixups=11 imm_bytes=12
    mem: scratch_words=0 stable_words=5 stable_mode=StaticAbs(base=0xa0) entry_abs_words=0 abs_words_end=5
  evm_hef0af3106e109414_call_h2e84dd1b94aea876_call_stor_arg0_root_stor__IsSomeCheck_h24a3280701a16da1__395956188d9a6813: ir_blocks=5 ir_insts=30 vcode_ops=102 fixups=11 imm_bytes=12
    mem: scratch_words=0 stable_words=5 stable_mode=StaticAbs(base=0xa0) entry_abs_words=0 abs_words_end=5
  evm_hef0af3106e109414_call_h2e84dd1b94aea876_call_stor_arg0_root_stor__MakeNone_h1a70bbc7ba2867ef__33da4420f6afdeb1: ir_blocks=5 ir_insts=27 vcode_ops=85 fixups=9 imm_bytes=11
    mem: scratch_words=0 stable_words=5 stable_mode=StaticAbs(base=0xa0) entry_abs_words=0 abs_words_end=5
  return_value__Evm_hef0af3106e109414_Sol_hfd482bb803ad8c5f_u256__c4b26908c66ef75f: ir_blocks=1 ir_insts=12 vcode_ops=36 fixups=6 imm_bytes=4
    mem: scratch_words=0 stable_words=5 stable_mode=StaticAbs(base=0x100) entry_abs_words=3 abs_words_end=8
  decode_returndata__u256__3271ca15373d4483: ir_blocks=3 ir_insts=14 vcode_ops=35 fixups=3 imm_bytes=4
    mem: scratch_words=0 stable_words=4 stable_mode=StaticAbs(base=0x140) entry_abs_words=5 abs_words_end=9
  calldata_hf71d505b6ff5dc81_byteinput_hc4c2cb44299530ae_len: ir_blocks=3 ir_insts=6 vcode_ops=17 fixups=1 imm_bytes=0
    mem: scratch_words=0 stable_words=0 stable_mode=None entry_abs_words=3 abs_words_end=0
  calldata_hf71d505b6ff5dc81_byteinput_hc4c2cb44299530ae_word_at: ir_blocks=3 ir_insts=6 vcode_ops=17 fixups=1 imm_bytes=0
    mem: scratch_words=0 stable_words=0 stable_mode=None entry_abs_words=3 abs_words_end=0
  solencoder_h1b9228b90dad6928_abiencoder_hffd58d20d4321024_reserve_head: ir_blocks=6 ir_insts=19 vcode_ops=67 fixups=4 imm_bytes=8
    mem: scratch_words=0 stable_words=0 stable_mode=None entry_abs_words=8 abs_words_end=0
  u256_h3271ca15373d4483_encode_hab7243eccf2714fb_encode__Sol_hfd482bb803ad8c5f_SolEncoder_h1b9228b90dad6928__1a070c3866d16383: ir_blocks=3 ir_insts=9 vcode_ops=24 fixups=1 imm_bytes=2
    mem: scratch_words=0 stable_words=0 stable_mode=None entry_abs_words=8 abs_words_end=0
  solencoder_h1b9228b90dad6928_abiencoder_hffd58d20d4321024_finish: ir_blocks=3 ir_insts=13 vcode_ops=28 fixups=1 imm_bytes=2
    mem: scratch_words=0 stable_words=0 stable_mode=None entry_abs_words=8 abs_words_end=0
  soldecoder_i__ha12a03fcb5ba844b_abidecoder_h638151350e80a086_read_word__CallData_hf71d505b6ff5dc81__e6d5f05c3478f563: ir_blocks=5 ir_insts=16 vcode_ops=49 fixups=6 imm_bytes=2
    mem: scratch_words=0 stable_words=0 stable_mode=None entry_abs_words=3 abs_words_end=0
  soldecoder_i__ha12a03fcb5ba844b_abidecoder_h638151350e80a086_read_word__MemoryBytes_h1e381015a9b0111b__59e0d528d54cca1b: ir_blocks=7 ir_insts=22 vcode_ops=53 fixups=3 imm_bytes=3
    mem: scratch_words=0 stable_words=0 stable_mode=None entry_abs_words=9 abs_words_end=0
  entry: ir_blocks=5 ir_insts=31 vcode_ops=120 fixups=20 imm_bytes=17
    mem: scratch_words=0 stable_words=0 stable_mode=None entry_abs_words=0 abs_words_end=0

evm:
  case ok: calldata_len=0 success reason=Return gas_used=142328 gas_refunded=0 logs=0 output=call len=32 tx_gas=21000 runtime_gas=121328


--------------- DEBUG ---------------

// func private %__EnumContract_init()
__EnumContract_init:
  block0:
    PUSH0 0x0 (0)  // v0.i256 = sym_addr &__EnumContract_runtime;
    PUSH0 0x0 (0)  // v1.i256 = sym_size &__EnumContract_runtime;
    DUP1  // evm_code_copy 0.i256 v0 v1;
    SWAP2
    PUSH0
    CODECOPY
    PUSH0  // evm_return 0.i256 v1;
    RETURN

// func private %__EnumContract_runtime()
__EnumContract_runtime:
  block0:
    PUSH0  // v31.i256 = call %calldata_hf71d505b6ff5dc81_byteinput_hc4c2cb44299530ae_len 0.i256;
    PUSH1 `pc + (4)`
    SWAP1
    PUSH1 FuncRef(28)
    JUMP
    JUMPDEST
    PUSH1 0x4 (4)  // v32.i1 = lt v31 4.i256;
    SWAP1
    LT
    ISZERO  // br v32 block7 block8;
    PUSH1 block8
    JUMPI
  block7:
    PUSH0  // evm_revert 0.i256 0.i256;
    PUSH0
    REVERT
  block8:
    JUMPDEST
    PUSH0  // v33.i256 = call %calldata_hf71d505b6ff5dc81_byteinput_hc4c2cb44299530ae_word_at 0.i256 0.i256;
    PUSH0
    PUSH1 `pc + (4)`
    SWAP2
    PUSH1 FuncRef(30)
    JUMP
    JUMPDEST
    PUSH1 0xe0 (224)  // v35.i256 = shr 224.i256 v33;
    SHR
    PUSH4 0xffffffff (4294967295)  // v45.i256 = and v35 4294967295.i256;
    AND
    PUSH1 0xa0 (160)  // v21.*@__fe_obj_SolDecoder_1 = alloca @__fe_obj_SolDecoder_1;
    PUSH0  // mstore v25 0.i256 i256;
    DUP2
    MSTORE
    DUP1  // v29.*i256 = gep v24 0.i256 1.i256;
    POP
    PUSH1 0xc0 (192)
    PUSH1 0x4 (4)  // mstore v29 4.i256 i256;
    SWAP1
    MSTORE
    PUSH4 0x6c56cb0c (1817627404)  // br_table v45 block1 (1817627404.i256 block2) (1163776883.i256 block3) (3572425762.i256 block4);
    DUP3
    EQ
    PUSH1 block2
    JUMPI
    PUSH4 0x455dd373 (1163776883)
    DUP3
    EQ
    PUSH1 block3
    JUMPI
    PUSH4 0xd4eee422 (3572425762)
    DUP3
    EQ
    PUSH1 block4
    JUMPI
  block1:
    PUSH0  // evm_revert 0.i256 0.i256;
    PUSH0
    REVERT
  block2:
    JUMPDEST
    SWAP1  // v6.i256 = call %soldecoder_i__ha12a03fcb5ba844b_abidecoder_h638151350e80a086_read_word__CallData_hf71d505b6ff5dc81__e6d5f05c3478f563 v21;
    POP
    PUSH1 `pc + (4)`
    SWAP1
    PUSH1 FuncRef(48)
    JUMP
    JUMPDEST
    PUSH1 FuncRef(17)  // call %return_value__Evm_hef0af3106e109414_Sol_hfd482bb803ad8c5f_u256__c4b26908c66ef75f v6;
    JUMP
    INVALID  // unreachable;
  block3:
    JUMPDEST
    PUSH0  // call %return_value__Evm_hef0af3106e109414_Sol_hfd482bb803ad8c5f_u256__c4b26908c66ef75f 0.i256;
    PUSH1 FuncRef(17)
    JUMP
    INVALID  // unreachable;
  block4:
    JUMPDEST
    SWAP1  // v10.i256 = call %soldecoder_i__ha12a03fcb5ba844b_abidecoder_h638151350e80a086_read_word__CallData_hf71d505b6ff5dc81__e6d5f05c3478f563 v21;
    POP
    PUSH1 `pc + (4)`
    SWAP1
    PUSH1 FuncRef(48)
    JUMP
    JUMPDEST
    POP  // call %return_value__Evm_hef0af3106e109414_Sol_hfd482bb803ad8c5f_u256__c4b26908c66ef75f 1.i256;
    PUSH1 0x1 (1)
    PUSH1 FuncRef(17)
    JUMP
    INVALID  // unreachable;

// func private %assert(v0.i1)
assert:
  block0:
    JUMPDEST
    PUSH1 block2  // br v0 block2 block1;
    JUMPI
  block1:
    PUSH0  // evm_revert 0.i256 0.i256;
    PUSH0
    REVERT
  block2:
    JUMPDEST
    JUMP  // return;

// func private %evm_hef0af3106e109414_call_h2e84dd1b94aea876_call_stor_arg0_root_stor__MakeSome_hb4c3b28d7dc84c95__10de9d95694004b7(v0.i256, v1.i256, v2.i256, v3.i256) -> i256
evm_hef0af3106e109414_call_h2e84dd1b94aea876_call_stor_arg0_root_stor__MakeSome_hb4c3b28d7dc84c95__10de9d95694004b7:
  block0:
    JUMPDEST
    PUSH1 0x40 (64)  // v46.i256 = mload 64.i32 i256;
    MLOAD
    PUSH1 0xa0 (160)  // v22.*@__fe_obj_SolEncoder_3 = alloca @__fe_obj_SolEncoder_3;
    PUSH0  // mstore v23 0.i256 i256;
    DUP2
    MSTORE
    DUP1  // v27.i256 = call %solencoder_h1b9228b90dad6928_abiencoder_hffd58d20d4321024_reserve_head v22 36.i256;
    PUSH1 0x24 (36)
    PUSH1 `pc + (4)`
    SWAP2
    PUSH1 FuncRef(35)
    JUMP
    JUMPDEST
    PUSH32 0x6c56cb0c00000000000000000000000000000000000000000000000000000000 (49003137872591469486919699677048325398361854054715499843502194152310271115264)  // mstore v27 49003137872591469486919699677048325398361854054715499843502194152310271115264.i256 i256;
    DUP2
    MSTORE
    PUSH1 0x4 (4)  // v43.i256 = add v27 4.i256;
    DUP2
    ADD
    SWAP1  // v44.i1 = lt v43 v27;
    DUP2
    LT
    ISZERO  // br v44 block5 block9;
    PUSH1 block9
    JUMPI
  block5:
    PUSH0  // evm_revert 0.i256 0.i256;
    PUSH0
    REVERT
  block9:
    JUMPDEST
    DUP2  // v33.*i256 = gep v22 0.i256 1.i256;
    POP
    PUSH1 0xc0 (192)
    MSTORE  // mstore v33 v43 i256;
    SWAP5  // call %u256_h3271ca15373d4483_encode_hab7243eccf2714fb_encode__Sol_hfd482bb803ad8c5f_SolEncoder_h1b9228b90dad6928__1a070c3866d16383 v3 v22;
    DUP6
    PUSH1 `pc + (4)`
    SWAP2
    PUSH1 FuncRef(36)
    JUMP
    JUMPDEST
    PUSH2 0x100 (256)  // v41.*@__fe_obj_tuple_2 = alloca @__fe_obj_tuple_2;
    DUP1  // call %solencoder_h1b9228b90dad6928_abiencoder_hffd58d20d4321024_finish v41 v22;
    SWAP6
    PUSH1 `pc + (4)`
    SWAP2
    PUSH1 FuncRef(37)
    JUMP
    JUMPDEST
    DUP5  // v9.i256 = mload v8 i256;
    MLOAD
    SWAP5  // v11.*i256 = gep v41 0.i256 1.i256;
    POP
    PUSH2 0x120 (288)
    MLOAD  // v12.i256 = mload v11 i256;
    DUP6  // v13.i256 = evm_call v1 v0 v2 v9 v12 0.i256 0.i256;
    DUP6
    PUSH0
    SWAP5
    PUSH0
    SWAP5
    SWAP7
    CALL
    RETURNDATASIZE  // v14.i256 = evm_return_data_size;
    DUP1  // v15.*i256 = evm_malloc v14;
    POP
    PUSH1 0x40 (64)
    MLOAD
    PUSH2 0x1bf (447)
    DUP2
    GT
    PUSH1 `pc + (4)`
    JUMPI
    POP
    PUSH2 0x1c0 (448)
    JUMPDEST
    DUP2  // evm_return_data_copy v16 0.i256 v14;
    PUSH0
    DUP3
    RETURNDATACOPY
    SWAP2  // v35.i1 = eq v13 0.i256;
    PUSH0
    EQ
    ISZERO  // br v35 block1 block2;
    PUSH1 block2
    JUMPI
  block1:
    SWAP1  // evm_revert v16 v14;
    REVERT
  block2:
    JUMPDEST
    PUSH1 `pc + (4)`  // v22.i256 = call %decode_returndata__u256__3271ca15373d4483 v16 v14;
    SWAP2
    PUSH1 FuncRef(24)
    JUMP
    JUMPDEST
    SWAP1  // mstore 64.i32 v46 i256;
    PUSH1 0x40 (64)
    MSTORE
    SWAP2  // return v22;
    POP
    POP
    SWAP1
    JUMP

// func private %evm_hef0af3106e109414_call_h2e84dd1b94aea876_call_stor_arg0_root_stor__IsSomeCheck_h24a3280701a16da1__395956188d9a6813(v0.i256, v1.i256, v2.i256, v3.i256) -> i256
evm_hef0af3106e109414_call_h2e84dd1b94aea876_call_stor_arg0_root_stor__IsSomeCheck_h24a3280701a16da1__395956188d9a6813:
  block0:
    JUMPDEST
    PUSH1 0x40 (64)  // v46.i256 = mload 64.i32 i256;
    MLOAD
    PUSH1 0xa0 (160)  // v22.*@__fe_obj_SolEncoder_3 = alloca @__fe_obj_SolEncoder_3;
    PUSH0  // mstore v23 0.i256 i256;
    DUP2
    MSTORE
    DUP1  // v27.i256 = call %solencoder_h1b9228b90dad6928_abiencoder_hffd58d20d4321024_reserve_head v22 36.i256;
    PUSH1 0x24 (36)
    PUSH1 `pc + (4)`
    SWAP2
    PUSH1 FuncRef(35)
    JUMP
    JUMPDEST
    PUSH32 0xd4eee42200000000000000000000000000000000000000000000000000000000 (96312408015874984737250834908511600418226748975198554621722795445506478702592)  // mstore v27 -19479681221441210686320150100176307435043235690442009417734788562406650937344.i256 i256;
    DUP2
    MSTORE
    PUSH1 0x4 (4)  // v43.i256 = add v27 4.i256;
    DUP2
    ADD
    SWAP1  // v44.i1 = lt v43 v27;
    DUP2
    LT
    ISZERO  // br v44 block5 block9;
    PUSH1 block9
    JUMPI
  block5:
    PUSH0  // evm_revert 0.i256 0.i256;
    PUSH0
    REVERT
  block9:
    JUMPDEST
    DUP2  // v33.*i256 = gep v22 0.i256 1.i256;
    POP
    PUSH1 0xc0 (192)
    MSTORE  // mstore v33 v43 i256;
    SWAP5  // call %u256_h3271ca15373d4483_encode_hab7243eccf2714fb_encode__Sol_hfd482bb803ad8c5f_SolEncoder_h1b9228b90dad6928__1a070c3866d16383 v3 v22;
    DUP6
    PUSH1 `pc + (4)`
    SWAP2
    PUSH1 FuncRef(36)
    JUMP
    JUMPDEST
    PUSH2 0x100 (256)  // v41.*@__fe_obj_tuple_2 = alloca @__fe_obj_tuple_2;
    DUP1  // call %solencoder_h1b9228b90dad6928_abiencoder_hffd58d20d4321024_finish v41 v22;
    SWAP6
    PUSH1 `pc + (4)`
    SWAP2
    PUSH1 FuncRef(37)
    JUMP
    JUMPDEST
    DUP5  // v9.i256 = mload v8 i256;
    MLOAD
    SWAP5  // v11.*i256 = gep v41 0.i256 1.i256;
    POP
    PUSH2 0x120 (288)
    MLOAD  // v12.i256 = mload v11 i256;
    DUP6  // v13.i256 = evm_call v1 v0 v2 v9 v12 0.i256 0.i256;
    DUP6
    PUSH0
    SWAP5
    PUSH0
    SWAP5
    SWAP7
    CALL
    RETURNDATASIZE  // v14.i256 = evm_return_data_size;
    DUP1  // v15.*i256 = evm_malloc v14;
    POP
    PUSH1 0x40 (64)
    MLOAD
    PUSH2 0x1bf (447)
    DUP2
    GT
    PUSH1 `pc + (4)`
    JUMPI
    POP
    PUSH2 0x1c0 (448)
    JUMPDEST
    DUP2  // evm_return_data_copy v16 0.i256 v14;
    PUSH0
    DUP3
    RETURNDATACOPY
    SWAP2  // v35.i1 = eq v13 0.i256;
    PUSH0
    EQ
    ISZERO  // br v35 block1 block2;
    PUSH1 block2
    JUMPI
  block1:
    SWAP1  // evm_revert v16 v14;
    REVERT
  block2:
    JUMPDEST
    PUSH1 `pc + (4)`  // v22.i256 = call %decode_returndata__u256__3271ca15373d4483 v16 v14;
    SWAP2
    PUSH1 FuncRef(24)
    JUMP
    JUMPDEST
    SWAP1  // mstore 64.i32 v46 i256;
    PUSH1 0x40 (64)
    MSTORE
    SWAP2  // return v22;
    POP
    POP
    SWAP1
    JUMP

// func private %evm_hef0af3106e109414_call_h2e84dd1b94aea876_call_stor_arg0_root_stor__MakeNone_h1a70bbc7ba2867ef__33da4420f6afdeb1(v0.i256, v1.i256, v2.i256) -> i256
evm_hef0af3106e109414_call_h2e84dd1b94aea876_call_stor_arg0_root_stor__MakeNone_h1a70bbc7ba2867ef__33da4420f6afdeb1:
  block0:
    JUMPDEST
    PUSH1 0x40 (64)  // v43.i256 = mload 64.i32 i256;
    MLOAD
    PUSH1 0xa0 (160)  // v20.*@__fe_obj_SolEncoder_3 = alloca @__fe_obj_SolEncoder_3;
    PUSH0  // mstore v21 0.i256 i256;
    DUP2
    MSTORE
    DUP1  // v25.i256 = call %solencoder_h1b9228b90dad6928_abiencoder_hffd58d20d4321024_reserve_head v20 4.i256;
    PUSH1 0x4 (4)
    PUSH1 `pc + (4)`
    SWAP2
    PUSH1 FuncRef(35)
    JUMP
    JUMPDEST
    PUSH32 0x455dd37300000000000000000000000000000000000000000000000000000000 (31375362698142810071693338840885679545176626209085102383094335935879449673728)  // mstore v25 31375362698142810071693338840885679545176626209085102383094335935879449673728.i256 i256;
    DUP2
    MSTORE
    PUSH1 0x4 (4)  // v40.i256 = add v25 4.i256;
    DUP2
    ADD
    LT  // v41.i1 = lt v40 v25;
    ISZERO  // br v41 block5 block9;
    PUSH1 block9
    JUMPI
  block5:
    PUSH0  // evm_revert 0.i256 0.i256;
    PUSH0
    REVERT
  block9:
    JUMPDEST
    PUSH2 0x100 (256)  // v38.*@__fe_obj_tuple_2 = alloca @__fe_obj_tuple_2;
    DUP1  // call %solencoder_h1b9228b90dad6928_abiencoder_hffd58d20d4321024_finish v38 v20;
    SWAP2
    PUSH1 `pc + (4)`
    SWAP2
    PUSH1 FuncRef(37)
    JUMP
    JUMPDEST
    DUP1  // v9.i256 = mload v8 i256;
    MLOAD
    SWAP1  // v11.*i256 = gep v38 0.i256 1.i256;
    POP
    PUSH2 0x120 (288)
    MLOAD  // v12.i256 = mload v11 i256;
    SWAP2  // v13.i256 = evm_call v1 v0 v2 v9 v12 0.i256 0.i256;
    SWAP5
    PUSH0
    SWAP4
    PUSH0
    SWAP6
    CALL
    RETURNDATASIZE  // v14.i256 = evm_return_data_size;
    DUP1  // v15.*i256 = evm_malloc v14;
    POP
    PUSH1 0x40 (64)
    MLOAD
    PUSH2 0x1bf (447)
    DUP2
    GT
    PUSH1 `pc + (4)`
    JUMPI
    POP
    PUSH2 0x1c0 (448)
    JUMPDEST
    DUP2  // evm_return_data_copy v16 0.i256 v14;
    PUSH0
    DUP3
    RETURNDATACOPY
    SWAP2  // v33.i1 = eq v13 0.i256;
    PUSH0
    EQ
    ISZERO  // br v33 block1 block2;
    PUSH1 block2
    JUMPI
  block1:
    SWAP1  // evm_revert v16 v14;
    REVERT
  block2:
    JUMPDEST
    PUSH1 `pc + (4)`  // v22.i256 = call %decode_returndata__u256__3271ca15373d4483 v16 v14;
    SWAP2
    PUSH1 FuncRef(24)
    JUMP
    JUMPDEST
    SWAP1  // mstore 64.i32 v43 i256;
    PUSH1 0x40 (64)
    MSTORE
    SWAP1  // return v22;
    JUMP

// func private %return_value__Evm_hef0af3106e109414_Sol_hfd482bb803ad8c5f_u256__c4b26908c66ef75f(v0.i256)
return_value__Evm_hef0af3106e109414_Sol_hfd482bb803ad8c5f_u256__c4b26908c66ef75f:
  block0:
    JUMPDEST
    PUSH2 0x100 (256)  // v11.*@__fe_obj_SolEncoder_3 = alloca @__fe_obj_SolEncoder_3;
    PUSH0  // mstore v12 0.i256 i256;
    DUP2
    MSTORE
    DUP1  // v4.i256 = call %solencoder_h1b9228b90dad6928_abiencoder_hffd58d20d4321024_reserve_head v11 32.i256;
    PUSH1 0x20 (32)
    PUSH1 `pc + (4)`
    SWAP2
    PUSH1 FuncRef(35)
    JUMP
    JUMPDEST
    POP  // call %u256_h3271ca15373d4483_encode_hab7243eccf2714fb_encode__Sol_hfd482bb803ad8c5f_SolEncoder_h1b9228b90dad6928__1a070c3866d16383 v0 v11;
    SWAP1
    DUP2
    PUSH1 `pc + (4)`
    SWAP2
    PUSH1 FuncRef(36)
    JUMP
    JUMPDEST
    PUSH2 0x160 (352)  // v16.*@__fe_obj_tuple_2 = alloca @__fe_obj_tuple_2;
    DUP1  // call %solencoder_h1b9228b90dad6928_abiencoder_hffd58d20d4321024_finish v16 v11;
    SWAP2
    PUSH1 `pc + (4)`
    SWAP2
    PUSH1 FuncRef(37)
    JUMP
    JUMPDEST
    DUP1  // v8.i256 = mload v7 i256;
    MLOAD
    SWAP1  // v10.*i256 = gep v16 0.i256 1.i256;
    POP
    PUSH2 0x180 (384)
    MLOAD  // v11.i256 = mload v10 i256;
    SWAP1  // evm_return v8 v11;
    RETURN

// func private %decode_returndata__u256__3271ca15373d4483(v0.i256, v1.i256) -> i256
decode_returndata__u256__3271ca15373d4483:
  block0:
    JUMPDEST
    PUSH1 0x20 (32)  // v11.i1 = lt v1 32.i256;
    DUP3
    LT
    ISZERO  // br v11 block1 block2;
    PUSH1 block2
    JUMPI
  block1:
    PUSH0  // evm_revert 0.i256 0.i256;
    PUSH0
    REVERT
  block2:
    JUMPDEST
    PUSH2 0x140 (320)  // v22.*@__fe_obj_SolDecoder_6 = alloca @__fe_obj_SolDecoder_6;
    SWAP1  // mstore v28 v0 i256;
    DUP2
    MSTORE
    DUP1  // v34.*i256 = gep v27 0.i256 1.i256;
    POP
    PUSH2 0x160 (352)
    SWAP1  // mstore v34 v1 i256;
    SWAP2
    SWAP1
    MSTORE
    DUP1  // v38.*i256 = gep v26 0.i256 1.i256;
    POP
    PUSH2 0x180 (384)
    PUSH0  // mstore v38 0.i256 i256;
    SWAP1
    MSTORE
    PUSH1 `pc + (4)`  // v12.i256 = call %soldecoder_i__ha12a03fcb5ba844b_abidecoder_h638151350e80a086_read_word__MemoryBytes_h1e381015a9b0111b__59e0d528d54cca1b v22;
    SWAP1
    PUSH1 FuncRef(51)
    JUMP
    JUMPDEST
    SWAP1  // return v12;
    JUMP

// func private %calldata_hf71d505b6ff5dc81_byteinput_hc4c2cb44299530ae_len(v0.i256) -> i256
calldata_hf71d505b6ff5dc81_byteinput_hc4c2cb44299530ae_len:
  block0:
    JUMPDEST
    CALLDATASIZE  // v1.i256 = evm_calldata_size;
    DUP2  // v7.i256 = sub v1 v0;
    DUP2
    SUB
    SWAP2  // v8.i1 = lt v1 v0;
    SWAP1
    LT
    ISZERO  // br v8 block1 block2;
    PUSH1 block2
    JUMPI
  block1:
    PUSH0  // evm_revert 0.i256 0.i256;
    PUSH0
    REVERT
  block2:
    JUMPDEST
    SWAP1  // return v7;
    JUMP

// func private %calldata_hf71d505b6ff5dc81_byteinput_hc4c2cb44299530ae_word_at(v0.i256, v1.i256) -> i256
calldata_hf71d505b6ff5dc81_byteinput_hc4c2cb44299530ae_word_at:
  block0:
    JUMPDEST
    SWAP1  // v8.i256 = add v0 v1;
    DUP2
    ADD
    SWAP1  // v9.i1 = lt v8 v0;
    DUP2
    LT
    ISZERO  // br v9 block1 block2;
    PUSH1 block2
    JUMPI
  block1:
    PUSH0  // evm_revert 0.i256 0.i256;
    PUSH0
    REVERT
  block2:
    JUMPDEST
    CALLDATALOAD  // v5.i256 = evm_calldata_load v8;
    SWAP1  // return v5;
    JUMP

// func private %solencoder_h1b9228b90dad6928_abiencoder_hffd58d20d4321024_reserve_head(v0.*@__fe_obj_SolEncoder_3, v1.i256) -> i256
solencoder_h1b9228b90dad6928_abiencoder_hffd58d20d4321024_reserve_head:
  block0:
    JUMPDEST
    DUP1  // v4.i256 = mload v3 i256;
    MLOAD
    PUSH0  // v17.i1 = eq v4 0.i256;
    EQ
    ISZERO  // br v17 block1 block6;
    PUSH1 block6
    JUMPI
  block1:
    DUP2  // v7.*i256 = evm_malloc v1;
    PUSH1 0x1f (31)
    ADD
    PUSH1 0x1f (31)
    NOT
    AND
    PUSH1 0x40 (64)
    MLOAD
    PUSH2 0x1bf (447)
    DUP2
    GT
    PUSH1 `pc + (4)`
    JUMPI
    POP
    PUSH2 0x1c0 (448)
    JUMPDEST
    DUP1
    SWAP2
    ADD
    PUSH1 0x40 (64)
    MSTORE
    DUP1  // mstore v3 v8 i256;
    DUP3
    MSTORE
    DUP2  // v12.*i256 = gep v0 0.i256 1.i256;
    PUSH1 0x20 (32)
    ADD
    DUP2  // mstore v12 v8 i256;
    SWAP1
    MSTORE
    SWAP2  // v21.i256 = add v8 v1;
    DUP3
    ADD
    SWAP2  // v22.i1 = lt v21 v8;
    DUP3
    LT
    ISZERO  // br v22 block3 block4;
    PUSH1 block4
    JUMPI
  block3:
    PUSH0  // evm_revert 0.i256 0.i256;
    PUSH0
    REVERT
  block4:
    JUMPDEST
    DUP1  // v17.*i256 = gep v0 0.i256 2.i256;
    PUSH1 0x40 (64)
    ADD
    SWAP1  // mstore v17 v21 i256;
    SWAP2
    SWAP1
    MSTORE
    PUSH1 block2  // jump block2;
    JUMP
  block6:
    JUMPDEST
    SWAP1  // jump block2;
    POP
  block2:
    JUMPDEST
    MLOAD  // v20.i256 = mload v3 i256;
    SWAP1  // return v20;
    JUMP

// func private %u256_h3271ca15373d4483_encode_hab7243eccf2714fb_encode__Sol_hfd482bb803ad8c5f_SolEncoder_h1b9228b90dad6928__1a070c3866d16383(v0.i256, v1.*@__fe_obj_SolEncoder_3)
u256_h3271ca15373d4483_encode_hab7243eccf2714fb_encode__Sol_hfd482bb803ad8c5f_SolEncoder_h1b9228b90dad6928__1a070c3866d16383:
  block0:
    JUMPDEST
    SWAP1  // v3.*i256 = gep v1 0.i256 1.i256;
    PUSH1 0x20 (32)
    ADD
    DUP1  // v4.i256 = mload v3 i256;
    MLOAD
    SWAP2  // mstore v4 v0 i256;
    DUP3
    MSTORE
    PUSH1 0x20 (32)  // v13.i256 = add v4 32.i256;
    DUP3
    ADD
    SWAP2  // v14.i1 = lt v13 v4;
    DUP3
    LT
    ISZERO  // br v14 block3 block4;
    PUSH1 block4
    JUMPI
  block3:
    PUSH0  // evm_revert 0.i256 0.i256;
    PUSH0
    REVERT
  block4:
    JUMPDEST
    MSTORE  // mstore v3 v13 i256;
    JUMP  // return;

// func private %solencoder_h1b9228b90dad6928_abiencoder_hffd58d20d4321024_finish(v42.*@__fe_obj_tuple_2, v0.*@__fe_obj_SolEncoder_3)
solencoder_h1b9228b90dad6928_abiencoder_hffd58d20d4321024_finish:
  block0:
    JUMPDEST
    DUP2  // v38.*i256 = gep v0 0.i256 2.i256;
    PUSH1 0x40 (64)
    ADD
    MLOAD  // v39.i256 = mload v38 i256;
    SWAP2  // v35.i256 = mload v34 i256;
    MLOAD
    DUP1  // v43.i256 = sub v39 v35;
    DUP4
    SUB
    SWAP1  // v44.i1 = lt v39 v35;
    DUP1
    SWAP4
    LT
    ISZERO  // br v44 block1 block2;
    PUSH1 block2
    JUMPI
  block1:
    PUSH0  // evm_revert 0.i256 0.i256;
    PUSH0
    REVERT
  block2:
    JUMPDEST
    SWAP2  // mstore v11 v35 i256;
    DUP2
    MSTORE
    PUSH1 0x20 (32)  // v13.*i256 = gep v42 0.i256 1.i256;
    ADD
    MSTORE  // mstore v13 v43 i256;
    JUMP  // return;

// func private %soldecoder_i__ha12a03fcb5ba844b_abidecoder_h638151350e80a086_read_word__CallData_hf71d505b6ff5dc81__e6d5f05c3478f563(v0.*@__fe_obj_SolDecoder_1) -> i256
soldecoder_i__ha12a03fcb5ba844b_abidecoder_h638151350e80a086_read_word__CallData_hf71d505b6ff5dc81__e6d5f05c3478f563:
  block0:
    JUMPDEST
    DUP1  // v4.i256 = mload v3 i256;
    MLOAD
    DUP1  // v5.i256 = call %calldata_hf71d505b6ff5dc81_byteinput_hc4c2cb44299530ae_len v4;
    PUSH1 `pc + (4)`
    SWAP1
    PUSH1 FuncRef(28)
    JUMP
    JUMPDEST
    SWAP2  // v8.*i256 = gep v2 0.i256 1.i256;
    PUSH1 0x20 (32)
    ADD
    DUP1  // v9.i256 = mload v8 i256;
    MLOAD
    PUSH1 0x20 (32)  // v32.i256 = add v9 32.i256;
    DUP2
    ADD
    DUP2  // v33.i1 = lt v32 v9;
    DUP2
    LT
    PUSH1 block4  // br v33 block4 block3;
    JUMPI
  block3:
    SWAP4  // v27.i1 = gt v32 v5;
    DUP5
    GT
    ISZERO  // br v27 block1 block2;
    PUSH1 block2
    JUMPI
  block1:
    PUSH0  // evm_revert 0.i256 0.i256;
    PUSH0
    REVERT
  block2:
    JUMPDEST
    SWAP1  // v25.i256 = call %calldata_hf71d505b6ff5dc81_byteinput_hc4c2cb44299530ae_word_at v4 v9;
    SWAP2
    SWAP1
    PUSH1 `pc + (4)`
    SWAP2
    PUSH1 FuncRef(30)
    JUMP
    JUMPDEST
    SWAP2  // mstore v8 v32 i256;
    SWAP1
    MSTORE
    SWAP1  // return v25;
    JUMP
  block4:
    JUMPDEST
    PUSH0  // evm_revert 0.i256 0.i256;
    PUSH0
    REVERT

// func private %soldecoder_i__ha12a03fcb5ba844b_abidecoder_h638151350e80a086_read_word__MemoryBytes_h1e381015a9b0111b__59e0d528d54cca1b(v0.*@__fe_obj_SolDecoder_6) -> i256
soldecoder_i__ha12a03fcb5ba844b_abidecoder_h638151350e80a086_read_word__MemoryBytes_h1e381015a9b0111b__59e0d528d54cca1b:
  block0:
    JUMPDEST
    DUP1  // v27.*i256 = gep v4 0.i256 1.i256;
    PUSH1 0x20 (32)
    ADD
    MLOAD  // v28.i256 = mload v27 i256;
    DUP2  // v8.*i256 = gep v3 0.i256 1.i256;
    PUSH1 0x40 (64)
    ADD
    DUP1  // v9.i256 = mload v8 i256;
    MLOAD
    PUSH1 0x20 (32)  // v39.i256 = add v9 32.i256;
    DUP2
    ADD
    DUP2  // v40.i1 = lt v39 v9;
    DUP2
    LT
    PUSH1 block4  // br v40 block4 block3;
    JUMPI
  block3:
    SWAP3  // v34.i1 = gt v39 v28;
    DUP4
    GT
    ISZERO  // br v34 block1 block2;
    PUSH1 block2
    JUMPI
  block1:
    PUSH0  // evm_revert 0.i256 0.i256;
    PUSH0
    REVERT
  block2:
    JUMPDEST
    SWAP3  // v30.i256 = mload v29 i256;
    MLOAD
    SWAP3  // v41.i256 = add v30 v9;
    DUP4
    ADD
    SWAP3  // v42.i1 = lt v41 v30;
    DUP4
    LT
    ISZERO  // br v42 block8 block9;
    PUSH1 block9
    JUMPI
  block8:
    PUSH0  // evm_revert 0.i256 0.i256;
    PUSH0
    REVERT
  block9:
    JUMPDEST
    SWAP2  // v33.i256 = mload v41 i256;
    MLOAD
    SWAP2  // mstore v8 v39 i256;
    MSTORE
    SWAP1  // return v33;
    JUMP
  block4:
    JUMPDEST
    PUSH0  // evm_revert 0.i256 0.i256;
    PUSH0
    REVERT

// func public %entry()
entry:
  block0:
    PUSH0 0x0 (0)  // v16.i256 = sym_size &__EnumContract_init;
    PUSH0 0x0 (0)  // v17.i256 = sym_addr &__EnumContract_init;
    DUP2  // v18.*i256 = evm_malloc v16;
    POP
    PUSH1 0x40 (64)
    MLOAD
    PUSH2 0x1bf (447)
    DUP2
    GT
    PUSH1 `pc + (4)`
    JUMPI
    POP
    PUSH2 0x1c0 (448)
    JUMPDEST
    DUP3  // evm_code_copy v19 v17 v16;
    SWAP1
    SWAP2
    DUP3
    CODECOPY
    DUP2  // v29.i256 = add v19 v16;
    DUP2
    ADD
    DUP2  // v30.i1 = lt v29 v19;
    SWAP1
    LT
    ISZERO  // br v30 block5 block6;
    PUSH1 block6
    JUMPI
  block5:
    PUSH0  // evm_revert 0.i256 0.i256;
    PUSH0
    REVERT
  block6:
    JUMPDEST
    PUSH0  // v22.i256 = evm_create2 0.i256 v19 v16 0.i256;
    SWAP2
    SWAP1
    PUSH0
    CREATE2
    PUSH0  // v23.i1 = eq v22 0.i256;
    DUP2
    EQ
    PUSH1 block3  // br v23 block3 block1;
    JUMPI
  block1:
    DUP1  // v15.i1 = is_zero v22;
    ISZERO
    ISZERO  // v8.i1 = is_zero v15;
    PUSH1 `pc + (4)`  // call %assert v8;
    SWAP1
    PUSH1 FuncRef(8)
    JUMP
    JUMPDEST
    DUP1  // v9.i256 = call %evm_hef0af3106e109414_call_h2e84dd1b94aea876_call_stor_arg0_root_stor__MakeSome_hb4c3b28d7dc84c95__10de9d95694004b7 v22 100000.i256 0.i256 42.i256;
    PUSH1 0x2a (42)
    PUSH0
    PUSH3 0x186a0 (100000)
    PUSH1 `pc + (4)`
    SWAP4
    PUSH1 FuncRef(9)
    JUMP
    JUMPDEST
    PUSH1 0x2a (42)  // v10.i1 = eq 42.i256 v9;
    EQ
    PUSH1 `pc + (4)`  // call %assert v10;
    SWAP1
    PUSH1 FuncRef(8)
    JUMP
    JUMPDEST
    DUP1  // v11.i256 = call %evm_hef0af3106e109414_call_h2e84dd1b94aea876_call_stor_arg0_root_stor__IsSomeCheck_h24a3280701a16da1__395956188d9a6813 v22 100000.i256 0.i256 99.i256;
    PUSH1 0x63 (99)
    PUSH0
    PUSH3 0x186a0 (100000)
    PUSH1 `pc + (4)`
    SWAP4
    PUSH1 FuncRef(11)
    JUMP
    JUMPDEST
    PUSH1 0x1 (1)  // v12.i1 = eq 1.i256 v11;
    EQ
    PUSH1 `pc + (4)`  // call %assert v12;
    SWAP1
    PUSH1 FuncRef(8)
    JUMP
    JUMPDEST
    PUSH0  // v13.i256 = call %evm_hef0af3106e109414_call_h2e84dd1b94aea876_call_stor_arg0_root_stor__MakeNone_h1a70bbc7ba2867ef__33da4420f6afdeb1 v22 100000.i256 0.i256;
    PUSH3 0x186a0 (100000)
    PUSH1 `pc + (4)`
    SWAP3
    PUSH1 FuncRef(12)
    JUMP
    JUMPDEST
    ISZERO  // v14.i1 = is_zero v13;
    PUSH1 `pc + (4)`  // call %assert v14;
    SWAP1
    PUSH1 FuncRef(8)
    JUMP
    JUMPDEST
    PUSH1 0x1 (1)  // mstore 0.i256 1.i256 i256;
    PUSH0
    MSTORE
    PUSH1 0x20 (32)  // evm_return 0.i256 32.i256;
    PUSH0
    RETURN
  block3:
    JUMPDEST
    RETURNDATASIZE  // v24.i256 = evm_return_data_size;
    DUP1  // v25.*i256 = evm_malloc v24;
    POP
    PUSH1 0x40 (64)
    MLOAD
    PUSH1 0x9f (159)
    DUP2
    GT
    PUSH1 `pc + (4)`
    JUMPI
    POP
    PUSH1 0xa0 (160)
    JUMPDEST
    DUP2  // evm_return_data_copy v26 0.i256 v24;
    PUSH0
    DUP3
    RETURNDATACOPY
    REVERT  // evm_revert v26 v24;
