---
source: crates/codegen/tests/evm.rs
expression: opt_ir_snapshot
input_file: test_files/evm/fe_hash2_repro_loop_direct_const_unoptimized.sntn
---
target = "evm-ethereum-osaka"

global private const [i8; 32] $__fe_const_data_0 = [0, 0, 0, 0, 0, 0, 0, 0, 0, 0, 0, 0, 0, 0, 0, 0, 0, 0, 0, 0, 0, 0, 0, 0, 0, 0, 0, 0, 0, 0, 0, 1];
global private const [i8; 32] $__fe_const_data_1 = [0, 0, 0, 0, 0, 0, 0, 0, 0, 0, 0, 0, 0, 0, 0, 0, 0, 0, 0, 0, 0, 0, 0, 0, 0, 0, 0, 0, 0, 0, 0, 2];

func private %__repro_runtime_entry() {
    block0:
        v1.objref<[i256; 1]> = obj.alloc [i256; 1];
        v2.i256 = sym_addr $__fe_const_data_0;
        v3.*[i256; 1] = int_to_ptr v2 *[i256; 1];
        v4.*i256 = bitcast v3 *i256;
        v5.i256 = ptr_to_int v4 i256;
        v6.*i256 = alloca i256;
        v7.i256 = ptr_to_int v6 i256;
        evm_code_copy v7 v5 32.i256;
        v9.i256 = mload v7 i256;
        v10.objref<i256> = obj.index v1 0.i256;
        obj.store v10 v9;
        v18.i256 = sym_addr $__fe_const_data_1;
        v19.*[i256; 1] = int_to_ptr v18 *[i256; 1];
        v20.*i256 = bitcast v19 *i256;
        v21.i256 = ptr_to_int v20 i256;
        jump block4;

    block4:
        v12.objref<[i256; 1]> = phi (v1 block0) (v17 block5);
        v14.i256 = phi (0.i256 block0) (v34 block5);
        v16.i1 = lt v14 1.i256;
        br v16 block5 block6;

    block5:
        v17.objref<[i256; 1]> = obj.alloc [i256; 1];
        v22.*i256 = alloca i256;
        v23.i256 = ptr_to_int v22 i256;
        evm_code_copy v23 v21 32.i256;
        v24.i256 = mload v23 i256;
        v25.objref<i256> = obj.index v17 0.i256;
        obj.store v25 v24;
        v34.i256 = add v14 1.i256;
        jump block4;

    block6:
        v28.objref<i256> = obj.index v12 0.i256;
        v29.i256 = obj.load v28;
        v31.i1 = eq v29 2.i256;
        br v31 block1 block11;

    block11:
        evm_revert 0.i256 0.i256;

    block1:
        evm_return 0.i256 0.i256;
}


object @Contract {
    section runtime {
        entry %__repro_runtime_entry;
        data $__fe_const_data_0;
        data $__fe_const_data_1;
    }
}
