---
source: crates/codegen/tests/evm.rs
expression: "String::from_utf8(out).unwrap()"
input_file: test_files/evm/fenew.sntn
---
evm.config: stack_reach=16 vcode=true bytecode_hex=false stackify_trace=false evm_trace=false emit_observability=false opt=2

object: Contract
  section runtime: 237 bytes
  total: 237 bytes

object: Counter
  section init: 92 bytes
  section runtime: 73 bytes
  total: 165 bytes

functions:
  mem: global_dyn_base=0x0 arena_base=0x0 scratch_peak_words=0 stable_chain_peak_words=0
  __Counter_init: ir_blocks=3 ir_insts=7 vcode_ops=16 fixups=3 imm_bytes=2
    mem: scratch_words=0 stable_words=0 stable_mode=None entry_abs_words=0 abs_words_end=0
  __Counter_runtime: ir_blocks=12 ir_insts=24 vcode_ops=71 fixups=6 imm_bytes=6
    mem: scratch_words=0 stable_words=0 stable_mode=None entry_abs_words=0 abs_words_end=0
  evm_hef0af3106e109414_call_h2e84dd1b94aea876_call_stor_arg0_root_stor__Get_h3927684624c88c53__624197e0d5a47bbd: ir_blocks=5 ir_insts=11 vcode_ops=42 fixups=2 imm_bytes=5
    mem: scratch_words=0 stable_words=0 stable_mode=None entry_abs_words=0 abs_words_end=0
  entry: ir_blocks=9 ir_insts=23 vcode_ops=84 fixups=10 imm_bytes=11
    mem: scratch_words=0 stable_words=0 stable_mode=None entry_abs_words=0 abs_words_end=0

evm:
  case test_counter: calldata_len=0 success reason=Return gas_used=91031 gas_refunded=0 logs=0 output=call len=32 tx_gas=21000 runtime_gas=70031


--------------- DEBUG ---------------

// func private %__Counter_init()
__Counter_init:
  block0:
    CALLVALUE  // v0.i256 = evm_call_value;
    PUSH1 __evm_shared_tail_0  // br v0 block1 block2;
    JUMPI
  block2:
    JUMPDEST
    PUSH0 0x0 (0)  // v4.i256 = sym_addr &__Counter_runtime;
    PUSH0 0x0 (0)  // v5.i256 = sym_size &__Counter_runtime;
    DUP1  // evm_code_copy v3 v4 v5;
    SWAP2
    PUSH0
    CODECOPY
    PUSH0  // evm_return v3 v5;
    RETURN

// func private %__Counter_runtime()
__Counter_runtime:
  block0:
    CALLDATASIZE  // v1.i256 = evm_calldata_size;
    PUSH1 0x4 (4)  // v5.i256 = lt v1 v2;
    SWAP1
    LT
    PUSH1 block3  // br v5 block1 block2;
    JUMPI
  block2:
    PUSH0  // v7.i256 = evm_calldata_load v6;
    CALLDATALOAD
    PUSH1 0xe0 (224)  // v10.i256 = shr v9 v7;
    SHR
    PUSH4 0xd09de08a (3500007562)  // br_table v10 block3 (v11 block4) (v13 block9);
    DUP2
    EQ
    PUSH1 block4
    JUMPI
    PUSH4 0x6d4ce63c (1833756220)
    DUP2
    EQ
    PUSH1 block9
    JUMPI
  block3:
    JUMPDEST
    PUSH0  // evm_revert v6 v6;
    PUSH0
    REVERT
  block4:
    JUMPDEST
    POP  // v19.i256 = evm_call_value;
    CALLVALUE
    PUSH1 block3  // br v19 block5 block6;
    JUMPI
  block6:
    PUSH0  // v20.i256 = evm_sload v6;
    SLOAD
    PUSH1 0x1 (1)  // v21.i256 = add v20 1.i256;
    DUP2
    ADD
    SWAP1  // v14.i256 = lt v21 v20;
    DUP2
    LT
    PUSH1 block3  // br v14 block7 block8;
    JUMPI
  block8:
    PUSH0  // evm_sstore v6 v21;
    SSTORE
    PUSH0  // evm_return v6 v6;
    PUSH0
    RETURN
  block9:
    JUMPDEST
    CALLVALUE  // v15.i256 = evm_call_value;
    PUSH1 block3  // br v15 block10 block11;
    JUMPI
  block11:
    PUSH0  // v17.i256 = evm_sload v6;
    SLOAD
    PUSH0  // evm_mstore v6 v17;
    MSTORE
    PUSH1 0x20 (32)  // evm_return v6 32.i256;
    PUSH0
    RETURN

// func private %evm_hef0af3106e109414_call_h2e84dd1b94aea876_call_stor_arg0_root_stor__Get_h3927684624c88c53__624197e0d5a47bbd(v0.i256, v1.i256, v2.i256) -> i256
evm_hef0af3106e109414_call_h2e84dd1b94aea876_call_stor_arg0_root_stor__Get_h3927684624c88c53__624197e0d5a47bbd:
  block0:
    JUMPDEST
    SWAP2  // evm_mstore v6 v8;
    POP
    POP
    PUSH4 0x1b53398f (458439055)
    PUSH1 0xe2 (226)
    SHL
    PUSH0
    MSTORE
    PUSH0  // v12.i256 = evm_call v9 v0 v6 v6 v11 v6 v6;
    PUSH1 0x4 (4)
    PUSH0
    PUSH0
    PUSH0
    SWAP5
    PUSH3 0x186a0 (100000)
    CALL
    RETURNDATASIZE  // v13.i256 = evm_return_data_size;
    DUP1  // evm_return_data_copy v6 v6 v13;
    PUSH0
    PUSH0
    RETURNDATACOPY
    SWAP1  // br v12 block2 block1;
    PUSH1 block2
    JUMPI
  block1:
    PUSH0  // evm_revert v6 v13;
    REVERT
  block2:
    JUMPDEST
    PUSH1 0x20 (32)  // v16.i256 = lt v13 v15;
    SWAP1
    LT
    PUSH1 __evm_shared_tail_0  // br v16 block3 block4;
    JUMPI
  block4:
    JUMPDEST
    PUSH0  // v17.i256 = evm_mload v6;
    MLOAD
    SWAP1  // return v17;
    JUMP

// func public %entry()
entry:
  block0:
    PUSH0 0x0 (0)  // v0.i256 = sym_size &__Counter_init;
    PUSH0 0x0 (0)  // v1.i256 = sym_addr &__Counter_init;
    DUP2  // evm_code_copy 0.i256 v1 v0;
    SWAP1
    PUSH0
    CODECOPY
    PUSH0  // v5.i256 = evm_create2 0.i256 0.i256 v0 0.i256;
    SWAP1
    PUSH0
    PUSH0
    CREATE2
    DUP1  // br v5 block4 block1;
    PUSH1 block4
    JUMPI
  block1:
    RETURNDATASIZE  // v7.i256 = evm_return_data_size;
    DUP1  // evm_return_data_copy 0.i256 0.i256 v7;
    PUSH0
    PUSH0
    RETURNDATACOPY
    PUSH0  // evm_revert 0.i256 v7;
    REVERT
  block4:
    JUMPDEST
    DUP1  // v9.i256 = call %evm_hef0af3106e109414_call_h2e84dd1b94aea876_call_stor_arg0_root_stor__Get_h3927684624c88c53__624197e0d5a47bbd v5 100000.i256 0.i256;
    PUSH0
    PUSH3 0x186a0 (100000)
    PUSH1 `pc + (4)`
    SWAP3
    PUSH1 FuncRef(10)
    JUMP
    JUMPDEST
    PUSH1 __evm_shared_tail_0  // br v9 block5 block6;
    JUMPI
  block6:
    PUSH4 0x684ef045 (1750003781)  // evm_mstore 0.i256 -21432072031172259149098304932151112453092825142662437103785846030156425068544.i256;
    PUSH1 0xe1 (225)
    SHL
    PUSH0
    MSTORE
    PUSH0  // v13.i256 = evm_call 100000.i256 v5 0.i256 0.i256 4.i256 0.i256 0.i256;
    PUSH0
    PUSH1 0x4 (4)
    PUSH0
    PUSH0
    DUP6
    PUSH3 0x186a0 (100000)
    CALL
    RETURNDATASIZE  // v14.i256 = evm_return_data_size;
    DUP1  // evm_return_data_copy 0.i256 0.i256 v14;
    PUSH0
    PUSH0
    RETURNDATACOPY
    SWAP1  // br v13 block8 block7;
    PUSH1 block8
    JUMPI
  block7:
    PUSH0  // evm_revert 0.i256 v14;
    REVERT
  block8:
    JUMPDEST
    POP  // v16.i256 = call %evm_hef0af3106e109414_call_h2e84dd1b94aea876_call_stor_arg0_root_stor__Get_h3927684624c88c53__624197e0d5a47bbd v5 100000.i256 0.i256;
    PUSH0
    PUSH3 0x186a0 (100000)
    PUSH1 `pc + (4)`
    SWAP3
    PUSH1 FuncRef(10)
    JUMP
    JUMPDEST
    PUSH1 0x1 (1)  // v18.i256 = eq v16 1.i256;
    EQ
    ISZERO
    PUSH1 __evm_shared_tail_0  // br v18 block10 block9;
    JUMPI
  block10:
    JUMPDEST
    PUSH1 0x1 (1)  // evm_mstore 0.i256 1.i256;
    PUSH0
    MSTORE
    PUSH1 0x20 (32)  // evm_return 0.i256 32.i256;
    PUSH0
    RETURN

// synthetic section unit
__evm_shared_tail_0:
  block0:
    JUMPDEST
    PUSH0
    PUSH0
    REVERT
