---
source: crates/codegen/tests/evm.rs
expression: "String::from_utf8(out).unwrap()"
input_file: test_files/evm/fenew.sntn
---
evm.config: stack_reach=16 vcode=true bytecode_hex=false stackify_trace=false evm_trace=false emit_observability=false opt=2

object: Contract
  section runtime: 252 bytes
  total: 252 bytes

object: Counter
  section init: 92 bytes
  section runtime: 73 bytes
  total: 165 bytes

functions:
  mem: global_dyn_base=0xa0 arena_base=0xa0 scratch_peak_words=0 static_chain_peak_words=0
  test_counter__StorPtr_Evm___207f35a85ac4062e: ir_blocks=25 ir_insts=54 vcode_ops=146 fixups=16 imm_bytes=22
    mem: scratch_words=0 stable_words=0 stable_mode=None entry_abs_words=0 abs_words_end=0
  evm_hef0af3106e109414_call_h2e84dd1b94aea876_call_stor_arg0_root_stor__Get_h3927684624c88c53__624197e0d5a47bbd: ir_blocks=13 ir_insts=27 vcode_ops=70 fixups=5 imm_bytes=11
    mem: scratch_words=0 stable_words=0 stable_mode=None entry_abs_words=0 abs_words_end=0
  __Counter_init: ir_blocks=3 ir_insts=7 vcode_ops=16 fixups=3 imm_bytes=2
    mem: scratch_words=0 stable_words=0 stable_mode=None entry_abs_words=0 abs_words_end=0
  __Counter_runtime: ir_blocks=12 ir_insts=24 vcode_ops=71 fixups=6 imm_bytes=6
    mem: scratch_words=0 stable_words=0 stable_mode=None entry_abs_words=0 abs_words_end=0
  entry: ir_blocks=1 ir_insts=3 vcode_ops=10 fixups=2 imm_bytes=2
    mem: scratch_words=0 stable_words=0 stable_mode=None entry_abs_words=0 abs_words_end=0

evm:
  case test_counter: calldata_len=0 success reason=Return gas_used=91067 gas_refunded=0 logs=0 output=call len=32 tx_gas=21000 runtime_gas=70067


--------------- DEBUG ---------------

// func private %test_counter__StorPtr_Evm___207f35a85ac4062e()
test_counter__StorPtr_Evm___207f35a85ac4062e:
  block0:
    JUMPDEST
    PUSH0 0x0 (0)  // v2.i256 = sym_size &__Counter_init;
    PUSH0 0x0 (0)  // v3.i256 = sym_addr &__Counter_init;
    PUSH1 0x40 (64)  // v6.i256 = evm_mload v5;
    MLOAD
    PUSH1 0x9f (159)  // v6.i256 = gt v6 v9;
    DUP2
    GT
    PUSH1 block15  // br v6 block25 block14;
    JUMPI
  block14:
    POP  // jump block15;
    PUSH1 0xa0 (160)
  block15:
    JUMPDEST
    DUP3  // evm_code_copy v7 v3 v2;
    SWAP1
    SWAP2
    DUP3
    CODECOPY
    DUP2  // v8.i256 = add v7 v2;
    DUP2
    ADD
    DUP2  // v9.i256 = lt v8 v7;
    SWAP1
    LT
    PUSH1 __evm_shared_tail_0  // br v9 block2 block3;
    JUMPI
  block3:
    PUSH0  // v11.i256 = evm_create2 0.i256 v7 v2 0.i256;
    SWAP2
    SWAP1
    PUSH0
    CREATE2
    DUP1  // br v11 block4 block1;
    PUSH1 block4
    JUMPI
  block1:
    POP  // v32.i256 = evm_return_data_size;
    RETURNDATASIZE
    PUSH1 0x40 (64)  // v33.i256 = evm_mload v5;
    MLOAD
    PUSH1 0x9f (159)  // v34.i256 = gt v33 v9;
    DUP2
    GT
    PUSH1 block24  // br v34 block26 block23;
    JUMPI
  block23:
    POP  // jump block24;
    PUSH1 0xa0 (160)
  block24:
    JUMPDEST
    DUP2  // evm_return_data_copy v35 0.i256 v32;
    PUSH0
    DUP3
    RETURNDATACOPY
    REVERT  // evm_revert v35 v32;
  block4:
    JUMPDEST
    DUP1  // v14.i256 = call %evm_hef0af3106e109414_call_h2e84dd1b94aea876_call_stor_arg0_root_stor__Get_h3927684624c88c53__624197e0d5a47bbd v11 100000.i256 0.i256;
    PUSH0
    PUSH3 0x186a0 (100000)
    PUSH1 `pc + (4)`
    SWAP3
    PUSH1 FuncRef(10)
    JUMP
    JUMPDEST
    PUSH1 __evm_shared_tail_0  // br v14 block5 block6;
    JUMPI
  block6:
    PUSH1 0x40 (64)  // v16.i256 = evm_mload v5;
    MLOAD
    PUSH1 0x9f (159)  // v17.i256 = gt v16 v9;
    DUP2
    GT
    PUSH1 block18  // br v17 block27 block17;
    JUMPI
  block17:
    POP  // jump block18;
    PUSH1 0xa0 (160)
  block18:
    JUMPDEST
    PUSH4 0x684ef045 (1750003781)  // evm_mstore v18 -21432072031172259149098304932151112453092825142662437103785846030156425068544.i256;
    PUSH1 0xe1 (225)
    SHL
    DUP2
    MSTORE
    PUSH1 0x4 (4)  // v21.i256 = add v18 4.i256;
    DUP2
    ADD
    DUP2  // v22.i256 = lt v21 v18;
    SWAP1
    LT
    PUSH1 __evm_shared_tail_0  // br v22 block7 block8;
    JUMPI
  block8:
    PUSH0  // v23.i256 = evm_call 100000.i256 v11 0.i256 v18 4.i256 0.i256 0.i256;
    PUSH1 0x4 (4)
    PUSH0
    SWAP3
    PUSH0
    DUP6
    PUSH3 0x186a0 (100000)
    CALL
    RETURNDATASIZE  // v24.i256 = evm_return_data_size;
    PUSH1 0x40 (64)  // v25.i256 = evm_mload v5;
    MLOAD
    PUSH1 0x9f (159)  // v26.i256 = gt v25 v9;
    DUP2
    GT
    PUSH1 block21  // br v26 block28 block20;
    JUMPI
  block20:
    POP  // jump block21;
    PUSH1 0xa0 (160)
  block21:
    JUMPDEST
    DUP2  // evm_return_data_copy v27 0.i256 v24;
    PUSH0
    DUP3
    RETURNDATACOPY
    SWAP2  // br v23 block10 block9;
    PUSH1 block10
    JUMPI
  block9:
    SWAP1  // evm_revert v27 v24;
    REVERT
  block10:
    JUMPDEST
    POP  // v29.i256 = call %evm_hef0af3106e109414_call_h2e84dd1b94aea876_call_stor_arg0_root_stor__Get_h3927684624c88c53__624197e0d5a47bbd v11 100000.i256 0.i256;
    POP
    PUSH0
    PUSH3 0x186a0 (100000)
    PUSH1 `pc + (4)`
    SWAP3
    PUSH1 FuncRef(10)
    JUMP
    JUMPDEST
    PUSH1 0x1 (1)  // v31.i256 = eq v29 1.i256;
    EQ
    ISZERO
    PUSH1 __evm_shared_tail_0  // br v31 block12 block11;
    JUMPI
  block12:
    JUMPDEST
    JUMP  // return;

// func private %evm_hef0af3106e109414_call_h2e84dd1b94aea876_call_stor_arg0_root_stor__Get_h3927684624c88c53__624197e0d5a47bbd(v0.i256, v1.i256, v2.i256) -> i256
evm_hef0af3106e109414_call_h2e84dd1b94aea876_call_stor_arg0_root_stor__Get_h3927684624c88c53__624197e0d5a47bbd:
  block0:
    JUMPDEST
    PUSH1 0x40 (64)  // v8.i256 = evm_mload v6;
    MLOAD
    PUSH1 0x9f (159)  // v12.i256 = gt v8 v11;
    DUP2
    GT
    PUSH1 block9  // br v12 block13 block8;
    JUMPI
  block8:
    POP  // jump block9;
    PUSH1 0xa0 (160)
  block9:
    JUMPDEST
    PUSH4 0x1b53398f (458439055)  // evm_mstore v13 v14;
    PUSH1 0xe2 (226)
    SHL
    DUP2
    MSTORE
    PUSH1 0x4 (4)  // v16.i256 = add v13 v15;
    DUP2
    ADD
    DUP2  // v17.i256 = lt v16 v13;
    SWAP1
    LT
    PUSH1 __evm_shared_tail_0  // br v17 block1 block2;
    JUMPI
  block2:
    JUMPDEST
    PUSH0  // v14.i256 = evm_call v1 v0 v2 v13 v15 v22 v22;
    SWAP4
    PUSH1 0x4 (4)
    SWAP3
    PUSH0
    SWAP5
    CALL
    RETURNDATASIZE  // v15.i256 = evm_return_data_size;
    PUSH1 0x40 (64)  // v16.i256 = evm_mload v6;
    MLOAD
    PUSH1 0x9f (159)  // v17.i256 = gt v16 v11;
    DUP2
    GT
    PUSH1 block12  // br v17 block14 block11;
    JUMPI
  block11:
    POP  // jump block12;
    PUSH1 0xa0 (160)
  block12:
    JUMPDEST
    DUP2  // evm_return_data_copy v18 v22 v15;
    PUSH0
    DUP3
    RETURNDATACOPY
    SWAP2  // br v14 block4 block3;
    PUSH1 block4
    JUMPI
  block3:
    SWAP1  // evm_revert v18 v15;
    REVERT
  block4:
    JUMPDEST
    PUSH1 0x20 (32)  // v21.i256 = lt v15 32.i256;
    SWAP1
    LT
    PUSH1 __evm_shared_tail_0  // br v21 block5 block6;
    JUMPI
  block6:
    MLOAD  // v22.i256 = evm_mload v18;
    SWAP1  // return v22;
    JUMP

// func private %__Counter_init()
__Counter_init:
  block0:
    CALLVALUE  // v0.i256 = evm_call_value;
    PUSH1 __evm_shared_tail_0  // br v0 block1 block2;
    JUMPI
  block2:
    JUMPDEST
    PUSH0 0x0 (0)  // v4.i256 = sym_addr &__Counter_runtime;
    PUSH0 0x0 (0)  // v5.i256 = sym_size &__Counter_runtime;
    DUP1  // evm_code_copy v3 v4 v5;
    SWAP2
    PUSH0
    CODECOPY
    PUSH0  // evm_return v3 v5;
    RETURN

// func private %__Counter_runtime()
__Counter_runtime:
  block0:
    CALLDATASIZE  // v1.i256 = evm_calldata_size;
    PUSH1 0x4 (4)  // v5.i256 = lt v1 v2;
    SWAP1
    LT
    PUSH1 block3  // br v5 block1 block2;
    JUMPI
  block2:
    PUSH0  // v7.i256 = evm_calldata_load v6;
    CALLDATALOAD
    PUSH1 0xe0 (224)  // v10.i256 = shr v9 v7;
    SHR
    PUSH4 0xd09de08a (3500007562)  // br_table v10 block3 (v11 block4) (v13 block9);
    DUP2
    EQ
    PUSH1 block4
    JUMPI
    PUSH4 0x6d4ce63c (1833756220)
    DUP2
    EQ
    PUSH1 block9
    JUMPI
  block3:
    JUMPDEST
    PUSH0  // evm_revert v6 v6;
    PUSH0
    REVERT
  block4:
    JUMPDEST
    POP  // v9.i256 = evm_call_value;
    CALLVALUE
    PUSH1 block3  // br v9 block5 block6;
    JUMPI
  block6:
    PUSH0  // v11.i256 = evm_sload v6;
    SLOAD
    PUSH1 0x1 (1)  // v13.i256 = add v11 1.i256;
    DUP2
    ADD
    SWAP1  // v14.i256 = lt v13 v11;
    DUP2
    LT
    PUSH1 block3  // br v14 block7 block8;
    JUMPI
  block8:
    PUSH0  // evm_sstore v6 v13;
    SSTORE
    PUSH0  // evm_return v6 v6;
    PUSH0
    RETURN
  block9:
    JUMPDEST
    CALLVALUE  // v15.i256 = evm_call_value;
    PUSH1 block3  // br v15 block10 block11;
    JUMPI
  block11:
    PUSH0  // v17.i256 = evm_sload v6;
    SLOAD
    PUSH0  // evm_mstore v6 v17;
    MSTORE
    PUSH1 0x20 (32)  // evm_return v6 32.i256;
    PUSH0
    RETURN

// func public %entry()
entry:
  block0:
    PUSH1 `pc + (3)`  // call %test_counter__StorPtr_Evm___207f35a85ac4062e;
    PUSH1 FuncRef(0)
    JUMP
    JUMPDEST
    PUSH1 0x1 (1)  // evm_mstore 0.i256 1.i256;
    PUSH0
    MSTORE
    PUSH1 0x20 (32)  // evm_return 0.i256 32.i256;
    PUSH0
    RETURN

// synthetic section unit
__evm_shared_tail_0:
  block0:
    JUMPDEST
    PUSH0
    PUSH0
    REVERT
