---
source: crates/codegen/tests/evm.rs
expression: "String::from_utf8(out).unwrap()"
input_file: test_files/evm/final_spill_call_target_live_across_packing.sntn
---
evm.config: stack_reach=4 vcode=false bytecode_hex=false stackify_trace=false evm_trace=false emit_observability=false opt=2 mem_plan_detail=true

object: Contract
  section runtime: 244 bytes
  total: 244 bytes

functions:
  mem: global_dyn_base=0x340 arena_base=0x300 scratch_peak_words=2 stable_chain_peak_words=0
  entry: ir_blocks=1 ir_insts=4 vcode_ops=13 fixups=2 imm_bytes=2
    mem: scratch_words=0 stable_words=0 stable_mode=None entry_abs_words=2 abs_words_end=0
  call_sha_after_packing: ir_blocks=1 ir_insts=33 vcode_ops=102 fixups=2 imm_bytes=29
    mem: scratch_words=2 stable_words=0 stable_mode=None entry_abs_words=2 abs_words_end=2
  pack_words: ir_blocks=1 ir_insts=16 vcode_ops=57 fixups=0 imm_bytes=12
    mem: scratch_words=1 stable_words=0 stable_mode=None entry_abs_words=2 abs_words_end=1

mem plan detail:
evm mem plan: global_dyn_base=0x340 arena_base=0x300 scratch_peak_words=2 stable_chain_peak_words=0
evm mem plan: entry scratch_words=0 stable_words=0 stable_mode=None entry_abs_words=2 abs_words_end=0
evm mem plan: call_sha_after_packing scratch_words=2 stable_words=0 stable_mode=None entry_abs_words=2 abs_words_end=2
  scratch_spill v3 slot=0 addr=0x0
  scratch_spill v5 slot=1 addr=0x20
  spill v7 offset_words=0 loc=ScratchAbs(0) addr=0x300
  spill v9 offset_words=1 loc=ScratchAbs(1) addr=0x320
evm mem plan: pack_words scratch_words=1 stable_words=0 stable_mode=None entry_abs_words=2 abs_words_end=1
  scratch_spill v5 slot=0 addr=0x0
  scratch_spill v6 slot=1 addr=0x20
  spill v7 offset_words=0 loc=ScratchAbs(0) addr=0x300


evm:
  case ok: calldata_len=32 success reason=Return gas_used=21913 gas_refunded=0 logs=0 output=call len=32 tx_gas=21140 runtime_gas=773
