---
source: crates/codegen/tests/evm.rs
expression: "String::from_utf8(out).unwrap()"
input_file: test_files/evm/multi_return_call.sntn
---
evm.config: stack_reach=16 vcode=true bytecode_hex=false stackify_trace=true evm_trace=false emit_observability=false

object: Contract
  section runtime: 56 bytes
  total: 56 bytes

functions:
  entry: ir_blocks=3 ir_insts=11 vcode_ops=31 fixups=3 imm_bytes=7
    mem: scratch_words=2 stable_words=1 stable_mode=StaticAbs(base=0x60) entry_abs_words=1 abs_words_end=2
  pair_add: ir_blocks=1 ir_insts=5 vcode_ops=15 fixups=0 imm_bytes=2
    mem: scratch_words=1 stable_words=0 stable_mode=None entry_abs_words=2 abs_words_end=1

evm:
  case no_overflow: calldata_len=64 success reason=Return gas_used=21411 gas_refunded=0 logs=0 output=call len=32 tx_gas=21280 runtime_gas=131
  case overflow: calldata_len=64 success reason=Return gas_used=21785 gas_refunded=0 logs=0 output=call len=32 tx_gas=21652 runtime_gas=133


--------------- DEBUG ---------------

// func public %entry()
  block0 P=[] T=[]
    // v1.i256 = evm_calldata_load 0.i256;
    - stack=[]
      pre: [PUSH(0)]
      evm_calldata_load [0] -> v1
    // v3.i256 = evm_calldata_load 32.i256;
    - stack=[v1]
      pre: [PUSH(32)]
      evm_calldata_load [32] -> v3
    // evm_mstore 96.i256 7.i256;
    - stack=[v3, v1]
      pre: [PUSH(7), PUSH(96)]
      evm_mstore [96, 7]
    // (v6.i256, v7.i1) = call %pair_add v1 v3;
    - stack=[v3, v1], last_use=[v1, v3]
      pre: [PUSH_CONT, SWAP2]
      call [v3, v1] -> [v6, v7]
    // v8.i256 = evm_mload 96.i256;
    - stack=[v6, v7]
      pre: [PUSH(96)]
      evm_mload [96] -> v8
    // v9.i256 = add v6 v8;
    - stack=[v8, v6, v7], last_use=[v6, v8]
      add [v8, v6] -> v9
    // br v7 block1 block2;
    - stack=[v9, v7]
      pre: [SWAP1]
      br [v7] -> [block1, block2]
  block1 P=[] T=[]
    // evm_mstore 0.i256 1.i256;
    - stack=[]
      pre: [PUSH(1), PUSH(0)]
      evm_mstore [0, 1]
    // evm_return 0.i256 32.i256;
    - stack=[]
      pre: [PUSH(32), PUSH(0)]
      evm_return [0, 32]
  block2 P=[] T=[v9]
    inherited from block0: [v9]
    // evm_mstore 0.i256 v9;
    - stack=[v9], last_use=[v9]
      pre: [PUSH(0)]
      evm_mstore [0, v9]
    // evm_return 0.i256 32.i256;
    - stack=[]
      pre: [PUSH(32), PUSH(0)]
      evm_return [0, 32]

// func public %pair_add(v0.i256, v1.i256) -> (i256, i1)
  block0 P=[v0, v1] T=[]
    // evm_mstore 64.i256 v0;
    - stack=[v0, v1, <RET>], last_use=[v0]
      pre: [PUSH(64)]
      evm_mstore [64, v0]
    // v3.i256 = evm_mload 64.i256;
    - stack=[v1, <RET>]
      pre: [PUSH(64)]
      evm_mload [64] -> v3
    // v4.i256 = add v3 v1;
    - stack=[v3, v1, <RET>], last_use=[v1]
      pre: [SWAP1, DUP2]
      add [v3, v1] -> v4
    // v5.i1 = lt v4 v3;
    - stack=[v4, v3, <RET>], last_use=[v3]
      pre: [SWAP1, DUP2]
      lt [v4, v3] -> v5
    // return (v4, v5);
    - stack=[v5, v4, <RET>]
      return: [SWAP1]
      return [v4, v5]

// func public %entry()
entry:
  block0:
    PUSH0  // v1.i256 = evm_calldata_load v0;
    CALLDATALOAD
    PUSH1 0x20 (32)  // v3.i256 = evm_calldata_load v2;
    CALLDATALOAD
    PUSH1 0x7 (7)  // evm_mstore v4 v5;
    PUSH1 0x60 (96)
    MSTORE
    PUSH1 `pc + (4)`  // (v6.i256, v7.i1) = call %pair_add v1 v3;
    SWAP2
    PUSH1 FuncRef(1)
    JUMP
    JUMPDEST
    PUSH1 0x60 (96)  // v8.i256 = evm_mload v4;
    MLOAD
    ADD  // v9.i256 = add v6 v8;
    SWAP1  // br v7 block1 block2;
    ISZERO
    PUSH1 block2
    JUMPI
  block1:
    PUSH1 0x1 (1)  // evm_mstore v0 1.i256;
    PUSH0
    MSTORE
    PUSH1 0x20 (32)  // evm_return v0 v2;
    PUSH0
    RETURN
  block2:
    JUMPDEST
    PUSH0  // evm_mstore v0 v9;
    MSTORE
    PUSH1 0x20 (32)  // evm_return v0 v2;
    PUSH0
    RETURN

// func public %pair_add(v0.i256, v1.i256) -> (i256, i1)
pair_add:
  block0:
    JUMPDEST
    PUSH1 0x40 (64)  // evm_mstore v2 v0;
    MSTORE
    PUSH1 0x40 (64)  // v3.i256 = evm_mload v2;
    MLOAD
    SWAP1  // v4.i256 = add v3 v1;
    DUP2
    ADD
    SWAP1  // v5.i1 = lt v4 v3;
    DUP2
    LT
    SWAP2  // return (v4, v5);
    JUMP
