---
source: crates/codegen/tests/evm.rs
assertion_line: 412
expression: "String::from_utf8(out).unwrap()"
input_file: test_files/evm/observability_basic.sntn
---
evm.config: stack_reach=16 vcode=false bytecode_hex=false stackify_trace=false evm_trace=false emit_observability=true

object: Contract
  section runtime: 17 bytes
  total: 17 bytes

functions:
  main: ir_blocks=1 ir_insts=1 vcode_ops=4 fixups=0 imm_bytes=1
    mem: scratch_words=0 stable_words=0 stable_mode=None entry_abs_words=0 abs_words_end=0
  entry: ir_blocks=1 ir_insts=3 vcode_ops=9 fixups=2 imm_bytes=1
    mem: scratch_words=0 stable_words=0 stable_mode=None entry_abs_words=0 abs_words_end=0

--------------- OBSERVABILITY ---------------

object schema=0.1.0
totals section_bytes=17 code=17 data=0 embed=0 mapped=16 unmapped=1

section runtime schema=0.1.0
bytes total=17 code=17 data=0 embed=0
coverage mapped=16 unmapped=1
unmapped no_ir_inst=0 label_or_fixup_only=0 synthetic=1 unknown=0
pc [0, 2) func=entry block=0 vcode=0 ir=0 reason=- frontend=-
pc [2, 4) func=entry block=0 vcode=1 ir=0 reason=- frontend=-
pc [4, 5) func=entry block=0 vcode=2 ir=0 reason=- frontend=-
pc [5, 6) func=entry block=0 vcode=3 ir=0 reason=- frontend=-
pc [6, 7) func=entry block=0 vcode=4 ir=1 reason=- frontend=-
pc [7, 8) func=entry block=0 vcode=5 ir=1 reason=- frontend=-
pc [8, 10) func=entry block=0 vcode=6 ir=2 reason=- frontend=-
pc [10, 11) func=entry block=0 vcode=7 ir=2 reason=- frontend=-
pc [11, 12) func=entry block=0 vcode=8 ir=2 reason=- frontend=-
pc [12, 13) func=main block=0 vcode=3 ir=- reason=synthetic frontend=-
pc [13, 15) func=main block=0 vcode=0 ir=0 reason=- frontend=-
pc [15, 16) func=main block=0 vcode=1 ir=0 reason=- frontend=-
pc [16, 17) func=main block=0 vcode=2 ir=0 reason=- frontend=-

evm:
  case ok: calldata_len=0 success reason=Return gas_used=21043 gas_refunded=0 logs=0 output=call len=32 tx_gas=21000 runtime_gas=43
