---
source: crates/codegen/tests/evm.rs
expression: opt_ir_snapshot
input_file: test_files/evm/private_dead_malloc_block_order.sntn
---
target = "evm-ethereum-osaka"

func public %entry() {
    block0:
        v0.i256 = evm_calldata_load 0.i256;
        v7.*i8 = evm_malloc 32.i256;
        mstore v7 v0 i256;
        evm_return v7 32.i256;
}


object @Contract {
    section runtime {
        entry %entry;
    }
}
