---
source: crates/codegen/tests/evm.rs
expression: "String::from_utf8(out).unwrap()"
input_file: test_files/evm/terminal_dead_tail_operand_prep.sntn
---
evm.config: stack_reach=16 vcode=true bytecode_hex=false stackify_trace=true evm_trace=false emit_observability=false opt=2

object: Contract
  section runtime: 19 bytes
  total: 19 bytes

functions:
  entry: ir_blocks=1 ir_insts=8 vcode_ops=17 fixups=0 imm_bytes=2
    mem: scratch_words=0 stable_words=0 stable_mode=None entry_abs_words=0 abs_words_end=0

evm:
  case ok: calldata_len=64 success reason=Stop gas_used=43455 gas_refunded=0 logs=0 output=call len=0 tx_gas=21280 runtime_gas=22175


--------------- DEBUG ---------------

// func public %entry()
  block0 P=[] T=[]
    // v1.i256 = evm_calldata_load 0.i256;
    - stack=[]
      pre: [PUSH(0)]
      evm_calldata_load [0] -> v1
    // v3.i256 = evm_calldata_load 32.i256;
    - stack=[v1]
      pre: [PUSH(32)]
      evm_calldata_load [32] -> v3
    // evm_mstore 0.i256 v1;
    - stack=[v3, v1], last_use=[v1]
      pre: [SWAP1, PUSH(0)]
      evm_mstore [0, v1]
    // v4.i256 = evm_keccak256 0.i256 32.i256;
    - stack=[v3]
      pre: [PUSH(32), PUSH(0)]
      evm_keccak256 [0, 32] -> v4
    // v5.i256 = evm_sload v4;
    - stack=[v4, v3]
      pre: [DUP1]
      evm_sload [v4] -> v5
    // v6.i256 = add v5 v3;
    - stack=[v5, v4, v3], last_use=[v3, v5]
      pre: [DUP3]
      add [v3, v5] -> v6
    // evm_sstore v4 v6;
    - stack=[v6, v4, v3x], last_use=[v4, v6]
      pre: [SWAP1]
      evm_sstore [v4, v6]
    // evm_stop;
    - stack=[v3x]
      evm_stop []

// func public %entry()
entry:
  block0:
    PUSH0  // v1.i256 = evm_calldata_load v0;
    CALLDATALOAD
    PUSH1 0x20 (32)  // v3.i256 = evm_calldata_load v2;
    CALLDATALOAD
    SWAP1  // evm_mstore v0 v1;
    PUSH0
    MSTORE
    PUSH1 0x20 (32)  // v4.i256 = evm_keccak256 v0 v2;
    PUSH0
    KECCAK256
    DUP1  // v5.i256 = evm_sload v4;
    SLOAD
    DUP3  // v6.i256 = add v5 v3;
    ADD
    SWAP1  // evm_sstore v4 v6;
    SSTORE
    STOP  // evm_stop;
