---
source: crates/codegen/tests/module_analysis.rs
input_file: test_files/module_analysis/incoming.sntn
---
ModuleDependency: IncomingOnly

SCC: [`%f1`, `%f2`]
SCC: [`%f3`]
SCC: [`%f4`]
SCC: [`%f5`]
SCC: [`%f6`]

`%f1` = FuncInfo { is_recursive: true, flow: IncomingOnly, is_leaf: false }
`%f2` = FuncInfo { is_recursive: true, flow: IncomingOnly, is_leaf: false }
`%f3` = FuncInfo { is_recursive: true, flow: Closed, is_leaf: false }
`%f4` = FuncInfo { is_recursive: false, flow: IncomingOnly, is_leaf: false }
`%f5` = FuncInfo { is_recursive: false, flow: IncomingOnly, is_leaf: false }
`%f6` = FuncInfo { is_recursive: false, flow: IncomingOnly, is_leaf: true }
